---
source: crates/widgets/src/overlay/add_server.rs
expression: screen
---
"                                                                                                    "
"                                                                                                    "
"                                                                                                    "
"                                                                                                    "
"                                                                                                    "
"                                                                                                    "
"                                                                                                    "
"                                                                                                    "
"                                                                                                    "
"                                                                                                    "
"                                                                                                    "
"                                                                                                    "
"                      ╭ Add server ───────────────────────────────────────────╮                     "
"                      │ Link  https://music.example.com                       │                     "
"                      │ User  alice                                           │                     "
"                      │ > •••••••_                                            │                     "
"                      │ Kept in the macOS Keychain once the server accepts it │                     "
"                      │ Enter next · Esc cancel                               │                     "
"                      ╰───────────────────────────────────────────────────────╯                     "
"                                                                                                    "
"                                                                                                    "
"                                                                                                    "
"                                                                                                    "
"                                                                                                    "
"                                                                                                    "
"                                                                                                    "
"                                                                                                    "
"                                                                                                    "
"                                                                                                    "
"                                                                                                    "
