---
source: crates/widgets/src/overlay/jump_to_time.rs
assertion_line: 89
expression: "painted(&overlay, 80, 24)"
---
"                                                                                "
"                                                                                "
"                                                                                "
"                                                                                "
"                                                                                "
"                                                                                "
"                                                                                "
"                                                                                "
"                                                                                "
"                                                                                "
"        ╭ JUMP TO TIME ─────────────────────────────────────────────────╮       "
"        │ > abc_                                                        │       "
"        │ not a valid time (use m:ss, mm:ss, h:mm:ss, or plain seconds) │       "
"        │ Enter jump · Esc cancel                                       │       "
"        ╰───────────────────────────────────────────────────────────────╯       "
"                                                                                "
"                                                                                "
"                                                                                "
"                                                                                "
"                                                                                "
"                                                                                "
"                                                                                "
"                                                                                "
"                                                                                "
