---
source: crates/widgets/src/overlay/jump_to_time.rs
assertion_line: 73
expression: "painted(&overlay, 80, 24)"
---
"                                                                                "
"                                                                                "
"                                                                                "
"                                                                                "
"                                                                                "
"                                                                                "
"                                                                                "
"                                                                                "
"                                                                                "
"                                                                                "
"        ╭ JUMP TO TIME ─────────────────────────────────────────────────╮       "
"        │ > 1:05_                                                       │       "
"        │ Enter jump · Esc cancel                                       │       "
"        ╰───────────────────────────────────────────────────────────────╯       "
"                                                                                "
"                                                                                "
"                                                                                "
"                                                                                "
"                                                                                "
"                                                                                "
"                                                                                "
"                                                                                "
"                                                                                "
"                                                                                "
