---
source: crates/widgets/src/overlay/source_dir.rs
assertion_line: 91
expression: "painted(&overlay, 80, 24)"
---
"                                                                                "
"                                                                                "
"                                                                                "
"                                                                                "
"                                                                                "
"                                                                                "
"                                                                                "
"                                                                                "
"                                                                                "
"                                                                                "
"                  ╭ LIBRARY FOLDER ──────────────────────────╮                  "
"                  │ > _                                      │                  "
"                  │ enter a folder path                      │                  "
"                  │ Enter save · Esc cancel                  │                  "
"                  ╰──────────────────────────────────────────╯                  "
"                                                                                "
"                                                                                "
"                                                                                "
"                                                                                "
"                                                                                "
"                                                                                "
"                                                                                "
"                                                                                "
"                                                                                "
