---
source: crates/widgets/src/overlay/source_dir.rs
assertion_line: 91
expression: "painted(&overlay, 80, 24)"
---
"                                                                                "
"                                                                                "
"                                                                                "
"                                                                                "
"                                                                                "
"                                                                                "
"                                                                                "
"                                                                                "
"                                                                                "
"                                                                                "
"                  ╭ LIBRARY FOLDER ──────────────────────────╮                  "
"                  │ >                                        │                  "
"                  │ enter a folder path                      │                  "
"                  │ Enter check · Esc cancel                 │                  "
"                  ╰──────────────────────────────────────────╯                  "
"                                                                                "
"                                                                                "
"                                                                                "
"                                                                                "
"                                                                                "
"                                                                                "
"                                                                                "
"                                                                                "
"                                                                                "
