---
source: crates/widgets/src/overlay/history.rs
assertion_line: 370
expression: "painted(&overlay, 80, 28)"
---
"                                                                                "
"                                                                                "
"                                                                                "
"                                                                                "
"                                                                                "
"                                                                                "
"                                                                                "
"                                                                                "
"                                                                                "
"                                                                                "
"                                                                                "
"                                                                                "
"                          ╭ HISTORY ──────────────────╮                         "
"                          │ Artist A — Alpha just now │                         "
"                          │ Beta             just now │                         "
"                          ╰───────────────────────────╯                         "
"                                                                                "
"                                                                                "
"                                                                                "
"                                                                                "
"                                                                                "
"                                                                                "
"                                                                                "
"                                                                                "
"                                                                                "
"                                                                                "
"                                                                                "
"                                                                                "
