---
source: crates/widgets/src/overlay/layer.rs
assertion_line: 364
expression: "painted(&overlay, 80, 28)"
---
"                                                                                "
"                                                                                "
"                                                                                "
"                                                                                "
"                                                                                "
"                                                                                "
"                                                                                "
"                                                                                "
"                                                                                "
"                        ╭ TRACK INFO ──────────────────╮                        "
"                        │ TITLE ────  —                │                        "
"                        │ ARTIST ───  —                │                        "
"                        │ ALBUM ────  —                │                        "
"                        │ YEAR  —                      │                        "
"                        │ TRACK  —                     │                        "
"                        │ DURATION  04:05              │                        "
"                        │ FORMAT  —                    │                        "
"                        │ PATH  /music/moon_river.mp3  │                        "
"                        │ any key · close              │                        "
"                        ╰──────────────────────────────╯                        "
"                                                                                "
"                                                                                "
"                                                                                "
"                                                                                "
"                                                                                "
"                                                                                "
"                                                                                "
"                                                                                "
