---
source: crates/widgets/src/overlay/layer.rs
expression: "painted(&with_values, 80, 28)"
---
"                                                                                "
"                                                                                "
"                                                                                "
"                                                                                "
"                                                                                "
"                                                                                "
"                   ╭ SETTINGS ── /home/user/Music ──────────╮                   "
"                   │ Preset              ‹ default ›        │                   "
"                   │ Theme               ‹ noir ›           │                   "
"                   │ Cover mode          ‹ vinyl ›          │                   "
"                   │ Cover brackets      ○ off              │                   "
"                   │ Format chips        ○ off              │                   "
"                   │ Speed chip          ‹ always ›         │                   "
"                   │ Progress remaining  ○ off              │                   "
"                   │ Key hints           ◉ on               │                   "
"                   │ Animations          ◉ on               │                   "
"                   │ Layout              ‹ auto ›           │                   "
"                   │ Crossfade           0.0 s              │                   "
"                   │ ReplayGain          ◉ on               │                   "
"                   │ Output device       ‹ System default › │                   "
"                   │ Sleep presets       ‹ off ›            │                   "
"                   ╰────────────────────────────────────────╯                   "
"                                                                                "
"                                                                                "
"                                                                                "
"                                                                                "
"                                                                                "
"                                                                                "
