---
source: crates/widgets/src/overlay/servers.rs
expression: "frame(&[])"
---
"                                                                                                    "
"                                                                                                    "
"                                                                                                    "
"                                                                                                    "
"                                                                                                    "
"                                                                                                    "
"                                                                                                    "
"                                                                                                    "
"                          ╭ Servers ─────────────────────────────────────╮                          "
"                          │ No servers · u adds one                      │                          "
"                          │ Enter edit · t reconnect · d remove · u add  │                          "
"                          ╰──────────────────────────────────────────────╯                          "
"                                                                                                    "
"                                                                                                    "
"                                                                                                    "
"                                                                                                    "
"                                                                                                    "
"                                                                                                    "
"                                                                                                    "
"                                                                                                    "
