---
source: crates/widgets/src/overlay/history.rs
assertion_line: 408
expression: "painted(&overlay, 120, 40)"
---
"┏ HISTORY ── 40 tracks ━━━━━━━━━━━━━━━━━━━━━━━━━━━━━━━━━━━━━━━━━━━━━━━━━━━━━━━━━━━━━━━━━━━━━━━━━━━━━━━━━━━━━━━━━━━━━━━━┓"
"┃ Artist 0 — Song 00                                                                                         just now ▲┃"
"┃ Artist 1 — Song 01                                                                                         just now █┃"
"┃ Artist 2 — Song 02                                                                                         just now █┃"
"┃ Artist 3 — Song 03                                                                                         just now █┃"
"┃ Artist 4 — Song 04                                                                                         just now █┃"
"┃ Artist 5 — Song 05                                                                                         just now █┃"
"┃ Artist 6 — Song 06                                                                                         just now █┃"
"┃ Artist 7 — Song 07                                                                                         just now █┃"
"┃ Artist 8 — Song 08                                                                                         just now █┃"
"┃ Artist 9 — Song 09                                                                                         just now █┃"
"┃ Artist 10 — Song 10                                                                                        just now █┃"
"┃ Artist 11 — Song 11                                                                                        just now █┃"
"┃ Artist 12 — Song 12                                                                                        just now █┃"
"┃ Artist 13 — Song 13                                                                                        just now █┃"
"┃ Artist 14 — Song 14                                                                                        just now █┃"
"┃ Artist 15 — Song 15                                                                                        just now █┃"
"┃ Artist 16 — Song 16                                                                                        just now █┃"
"┃ Artist 17 — Song 17                                                                                        just now █┃"
"┃ Artist 18 — Song 18                                                                                        just now █┃"
"┃ Artist 19 — Song 19                                                                                        just now ░┃"
"┃ Artist 20 — Song 20                                                                                        just now ░┃"
"┃ Artist 21 — Song 21                                                                                        just now ░┃"
"┃ Artist 22 — Song 22                                                                                        just now ░┃"
"┃ Artist 23 — Song 23                                                                                        just now ░┃"
"┃ Artist 24 — Song 24                                                                                        just now ░┃"
"┃ Artist 25 — Song 25                                                                                        just now ░┃"
"┃ Artist 26 — Song 26                                                                                        just now ░┃"
"┃ Artist 27 — Song 27                                                                                        just now ░┃"
"┃ Artist 28 — Song 28                                                                                        just now ░┃"
"┃ Artist 29 — Song 29                                                                                        just now ░┃"
"┃ Artist 30 — Song 30                                                                                        just now ░┃"
"┃ Artist 31 — Song 31                                                                                        just now ░┃"
"┃ Artist 32 — Song 32                                                                                        just now ░┃"
"┃ Artist 33 — Song 33                                                                                        just now ░┃"
"┃ Artist 34 — Song 34                                                                                        just now ░┃"
"┃ Artist 35 — Song 35                                                                                        just now ░┃"
"┃ Artist 36 — Song 36                                                                                        just now ░┃"
"┃ Artist 37 — Song 37                                                                                        just now ▼┃"
"┗━━━━━━━━━━━━━━━━━━━━━━━━━━━━━━━━━━━━━━━━━━━━━━━━━━━━━━━━━━━━━━━━━━━━━━━━━━━━━━━━━━━━━━━━━━━━━━━━━━━━━━━━━━━━━━━━━━━━━━┛"
