---
source: crates/widgets/src/overlay/add_server.rs
expression: "frame(&ServerPrompt::Link(entry(\"music.example.com\",\nSome(EndpointError::Scheme))))"
---
"                                                                                                    "
"                                                                                                    "
"                                                                                                    "
"                                                                                                    "
"                                                                                                    "
"                                                                                                    "
"                                                                                                    "
"                                                                                                    "
"                                                                                                    "
"                                                                                                    "
"                                                                                                    "
"                                                                                                    "
"                                                                                                    "
"                            ╭ Add server ──────────────────────────────╮                            "
"                            │ > music.example.com_                     │                            "
"                            │ Start the link with https:// or http://  │                            "
"                            │ Enter next · Esc cancel                  │                            "
"                            ╰──────────────────────────────────────────╯                            "
"                                                                                                    "
"                                                                                                    "
"                                                                                                    "
"                                                                                                    "
"                                                                                                    "
"                                                                                                    "
"                                                                                                    "
"                                                                                                    "
"                                                                                                    "
"                                                                                                    "
"                                                                                                    "
"                                                                                                    "
