---
source: crates/widgets/src/overlay/layer.rs
assertion_line: 293
expression: "painted(&overlay, 80, 28)"
---
"                                                                                "
"    ╭ KEYS ─────────────────────────────────────────────────────────────────╮   "
"    │ Playback             General                    Playlist              │   "
"    │   Play / pause         Find                       Queue               │   "
"    │   Next track           History                    Play next           │   "
"    │   Previous track       Settings                   Remove from queue   │   "
"    │   Seek back 10s        Library folder             Move up in queue    │   "
"    │   Seek forward 10s     Add server                 Move down in queue  │   "
"    │   Seek back 5s         Servers                    Cycle sort          │   "
"    │   Seek forward 5s      Reconnect (in Servers)     Favorite            │   "
"    │   Seek back 30s        Toggle this help           Delete (asks first) │   "
"    │   Seek forward 30s     Quit                       Save playlist       │   "
"    │   Volume up          Navigation                   Rescan              │   "
"    │   Volume down          Down                       Track info          │   "
"    │   Toggle shuffle       Up                                             │   "
"    │   Cycle repeat         Top                                            │   "
"    │   Sleep timer          Bottom                                         │   "
"    │   A-B repeat           Page down                                      │   "
"    │   Speed down           Page up                                        │   "
"    │   Speed up             Play selected                                  │   "
"    │   Jump to time                                                        │   "
"    │   Seek to 0×10%                                                       │   "
"    │   Seek to 1×10%                                                       │   "
"    │   Seek to 2×10%                                                       │   "
"    │   Seek to 3×10%                                                       │   "
"    │ ↓ more                                                                │   "
"    ╰───────────────────────────────────────────────────────────────────────╯   "
"                                                                                "
