---
source: crates/widgets/src/overlay/music_dir.rs
expression: "frame(&entry(\"/Users/me/Gone\", None), Some(Verdict::Missing), (80, 24))"
---
"                                                                                "
"                                                                                "
"                                                                                "
"                                                                                "
"                                                                                "
"                                                                                "
"                                                                                "
"                                                                                "
"                                                                                "
"                                                                                "
"                  ╭ LIBRARY FOLDER ──────────────────────────╮                  "
"                  │ > /Users/me/Gone_                        │                  "
"                  │ no such path                             │                  "
"                  │ Enter check · Esc cancel                 │                  "
"                  ╰──────────────────────────────────────────╯                  "
"                                                                                "
"                                                                                "
"                                                                                "
"                                                                                "
"                                                                                "
"                                                                                "
"                                                                                "
"                                                                                "
"                                                                                "
