---
source: crates/widgets/src/overlay/add_server.rs
expression: "frame_at(100, &refused())"
---
"                                                                                                    "
"                                                                                                    "
"                                                                                                    "
"                                                                                                    "
"                                                                                                    "
"                                                                                                    "
"                                                                                                    "
"               ╭ Add server ────────────────────────────────────────────────────────╮               "
"               │ ┃ Link                                                             │               "
"               │ ┃ http(s)://host[:port]                                            │               "
"               │ ┃ > https://music.example.com                                      │               "
"               │                                                                    │               "
"               │                                                                    │               "
"               │   User                                                             │               "
"               │   > admin                                                          │               "
"               │   * Type the user name                                             │               "
"               │                                                                    │               "
"               │   Password                                                         │               "
"               │   Kept in the macOS Keychain                                       │               "
"               │   > ••••••••                                                       │               "
"               │                                                                    │               "
"               │ music.example.com is out of reach: an unknown error                │               "
"               │ tab next · shift+tab back · enter connect · esc cancel             │               "
"               ╰────────────────────────────────────────────────────────────────────╯               "
"                                                                                                    "
"                                                                                                    "
"                                                                                                    "
"                                                                                                    "
"                                                                                                    "
"                                                                                                    "
