---
source: crates/widgets/src/overlay/source_dir.rs
assertion_line: 74
expression: "painted(&overlay, 80, 24)"
---
"                                                                                "
"                                                                                "
"                                                                                "
"                                                                                "
"                                                                                "
"                                                                                "
"                                                                                "
"                                                                                "
"                                                                                "
"                                                                                "
"                  ╭ LIBRARY FOLDER ──────────────────────────╮                  "
"                  │ > /home/user/Music_                      │                  "
"                  │ Enter save · Esc cancel                  │                  "
"                  ╰──────────────────────────────────────────╯                  "
"                                                                                "
"                                                                                "
"                                                                                "
"                                                                                "
"                                                                                "
"                                                                                "
"                                                                                "
"                                                                                "
"                                                                                "
"                                                                                "
