---
source: crates/widgets/src/overlay/layer.rs
assertion_line: 375
expression: "painted(&overlay, 80, 28)"
---
"                                                                                "
"                                                                                "
"                                                                                "
"                                                                                "
"                                                                                "
"                                                                                "
"                                                                                "
"                                                                                "
"                                                                                "
"                                                                                "
"                                                                                "
"                                                                                "
"                  ╭ LIBRARY FOLDER ──────────────────────────╮                  "
"                  │ > _                                      │                  "
"                  │ Enter save · Esc cancel                  │                  "
"                  ╰──────────────────────────────────────────╯                  "
"                                                                                "
"                                                                                "
"                                                                                "
"                                                                                "
"                                                                                "
"                                                                                "
"                                                                                "
"                                                                                "
"                                                                                "
"                                                                                "
"                                                                                "
"                                                                                "
