---
source: crates/widgets/src/overlay/history.rs
assertion_line: 457
expression: "rendered(120, 40, |frame|\nframe.render_widget(&overlay, frame.area())).to_string()"
---
"┏ HISTORY ── 200 tracks ━━━━━━━━━━━━━━━━━━━━━━━━━━━━━━━━━━━━━━━━━━━━━━━━━━━━━━━━━━━━━━━━━━━━━━━━━━━━━━━━━━━━━━━━━━━━━━━┓"
"┃ Artist 113 — Song 113                                                                                      just now ▲┃"
"┃ Artist 114 — Song 114                                                                                      just now ░┃"
"┃ Artist 115 — Song 115                                                                                      just now ░┃"
"┃ Artist 116 — Song 116                                                                                      just now ░┃"
"┃ Artist 117 — Song 117                                                                                      just now ░┃"
"┃ Artist 118 — Song 118                                                                                      just now ░┃"
"┃ Artist 119 — Song 119                                                                                      just now ░┃"
"┃ Artist 120 — Song 120                                                                                      just now ░┃"
"┃ Artist 121 — Song 121                                                                                      just now ░┃"
"┃ Artist 122 — Song 122                                                                                      just now ░┃"
"┃ Artist 123 — Song 123                                                                                      just now ░┃"
"┃ Artist 124 — Song 124                                                                                      just now ░┃"
"┃ Artist 125 — Song 125                                                                                      just now ░┃"
"┃ Artist 126 — Song 126                                                                                      just now ░┃"
"┃ Artist 127 — Song 127                                                                                      just now ░┃"
"┃ Artist 128 — Song 128                                                                                      just now ░┃"
"┃ Artist 129 — Song 129                                                                                      just now ░┃"
"┃ Artist 130 — Song 130                                                                                      just now ░┃"
"┃ Artist 131 — Song 131                                                                                      just now █┃"
"┃ Artist 132 — Song 132                                                                                      just now █┃"
"┃ Artist 133 — Song 133                                                                                      just now █┃"
"┃ Artist 134 — Song 134                                                                                      just now █┃"
"┃ Artist 135 — Song 135                                                                                      just now █┃"
"┃ Artist 136 — Song 136                                                                                      just now █┃"
"┃ Artist 137 — Song 137                                                                                      just now ░┃"
"┃ Artist 138 — Song 138                                                                                      just now ░┃"
"┃ Artist 139 — Song 139                                                                                      just now ░┃"
"┃ Artist 140 — Song 140                                                                                      just now ░┃"
"┃ Artist 141 — Song 141                                                                                      just now ░┃"
"┃ Artist 142 — Song 142                                                                                      just now ░┃"
"┃ Artist 143 — Song 143                                                                                      just now ░┃"
"┃ Artist 144 — Song 144                                                                                      just now ░┃"
"┃ Artist 145 — Song 145                                                                                      just now ░┃"
"┃ Artist 146 — Song 146                                                                                      just now ░┃"
"┃ Artist 147 — Song 147                                                                                      just now ░┃"
"┃ Artist 148 — Song 148                                                                                      just now ░┃"
"┃ Artist 149 — Song 149                                                                                      just now ░┃"
"┃ Artist 150 — Song 150                                                                                      just now ▼┃"
"┗━━━━━━━━━━━━━━━━━━━━━━━━━━━━━━━━━━━━━━━━━━━━━━━━━━━━━━━━━━━━━━━━━━━━━━━━━━━━━━━━━━━━━━━━━━━━━━━━━━━━━━━━━━━━━━━━━━━━━━┛"
