---
source: crates/widgets/src/overlay/track_details.rs
assertion_line: 309
expression: "painted(&dialog, 80, 24)"
---
"                                                                                "
"                                                                                "
"                                                                                "
"                                                                                "
"                                                                                "
"                                                                                "
"                                                                                "
"                     ╭ TRACK INFO ────────────────────────╮                     "
"                     │ TITLE ────  Moon River             │                     "
"                     │ ARTIST ───  Audrey Hepburn         │                     "
"                     │ ALBUM ────  Breakfast at Tiffany's │                     "
"                     │ YEAR  1961                         │                     "
"                     │ TRACK  3/12                        │                     "
"                     │ DURATION  04:05                    │                     "
"                     │ FORMAT  MP3 · 320 kbps · 44.1 kHz  │                     "
"                     │ PATH  …sic/tiffanys/moon_river.mp3 │                     "
"                     │ any key · close                    │                     "
"                     ╰────────────────────────────────────╯                     "
"                                                                                "
"                                                                                "
"                                                                                "
"                                                                                "
"                                                                                "
"                                                                                "
