---
source: crates/widgets/src/overlay/layer.rs
assertion_line: 339
expression: "painted(&overlay, 80, 28)"
---
"                                                                                "
"                                                                                "
"                                                                                "
"                                                                                "
"                                                                                "
"                                                                                "
"                                                                                "
"                                                                                "
"                                                                                "
"                                                                                "
"                                                                                "
"                                                                                "
"                        ╭ MOVE TO TRASH? ───────────────╮                       "
"                        │ "Moon River" — Audrey Hepburn │                       "
"                        │ [y] yes   [n] no              │                       "
"                        ╰───────────────────────────────╯                       "
"                                                                                "
"                                                                                "
"                                                                                "
"                                                                                "
"                                                                                "
"                                                                                "
"                                                                                "
"                                                                                "
"                                                                                "
"                                                                                "
"                                                                                "
"                                                                                "
