---
source: crates/widgets/src/overlay/add_server.rs
expression: "frame(&ServerPrompt::User\n{ endpoint: endpoint(), text_entry: entry(\"alice\", None), })"
---
"                                                                                                    "
"                                                                                                    "
"                                                                                                    "
"                                                                                                    "
"                                                                                                    "
"                                                                                                    "
"                                                                                                    "
"                                                                                                    "
"                                                                                                    "
"                                                                                                    "
"                                                                                                    "
"                                                                                                    "
"                                                                                                    "
"                            ╭ Add server ──────────────────────────────╮                            "
"                            │ Link  https://music.example.com          │                            "
"                            │ > alice_                                 │                            "
"                            │ Enter next · Esc cancel                  │                            "
"                            ╰──────────────────────────────────────────╯                            "
"                                                                                                    "
"                                                                                                    "
"                                                                                                    "
"                                                                                                    "
"                                                                                                    "
"                                                                                                    "
"                                                                                                    "
"                                                                                                    "
"                                                                                                    "
"                                                                                                    "
"                                                                                                    "
"                                                                                                    "
