---
source: crates/widgets/src/overlay/music_dir.rs
expression: "frame(&entry(\"/Users/me/Desktop\", None), Some(Verdict::Denied), (100, 24))"
---
"                                                                                                    "
"                                                                                                    "
"                                                                                                    "
"                                                                                                    "
"                                                                                                    "
"                                                                                                    "
"                                                                                                    "
"                                                                                                    "
"                                                                                                    "
"                                                                                                    "
"           ╭ LIBRARY FOLDER ────────────────────────────────────────────────────────────╮           "
"           │ > /Users/me/Desktop                                                        │           "
"           │ no permission: allow the terminal in Privacy & Security, Files and Folders │           "
"           │ Enter open Privacy & Security · Esc cancel                                 │           "
"           ╰────────────────────────────────────────────────────────────────────────────╯           "
"                                                                                                    "
"                                                                                                    "
"                                                                                                    "
"                                                                                                    "
"                                                                                                    "
"                                                                                                    "
"                                                                                                    "
"                                                                                                    "
"                                                                                                    "
