---
source: crates/widgets/src/overlay/layer.rs
assertion_line: 311
expression: "painted(&overlay, 80, 28)"
---
"                                                                                "
"                                                                                "
"                                                                                "
"                                                                                "
"                                                                                "
"                                                                                "
"                                                                                "
"                                                                                "
"                                                                                "
"                                                                                "
"                                                                                "
"                                                                                "
"                                                                                "
"                              ╭ HISTORY ─────────╮                              "
"                              │ History is empty │                              "
"                              ╰──────────────────╯                              "
"                                                                                "
"                                                                                "
"                                                                                "
"                                                                                "
"                                                                                "
"                                                                                "
"                                                                                "
"                                                                                "
"                                                                                "
"                                                                                "
"                                                                                "
"                                                                                "
