---
source: crates/kernel/src/update/startup.rs
assertion_line: 255
expression: effects
---
[
    Animate(
        PlayOrderChanged,
    ),
    Audio(
        Stop,
    ),
    Macos(
        PlaybackState(
            Paused,
        ),
    ),
    Macos(
        NowPlaying(
            Cleared,
        ),
    ),
    Audio(
        ListDevices,
    ),
    Audio(
        SetDevice(
            Named(
                DeviceName(
                    "Speakers",
                ),
            ),
        ),
    ),
    Audio(
        SetCrossfade(
            Crossfade(
                3s,
            ),
        ),
    ),
    Audio(
        SetReplaygain(
            On,
        ),
    ),
    Library(
        LoadFavorites,
    ),
    Library(
        Scan {
            music_dir: "/music",
            revision: Revision(
                0,
            ),
            mode: Cached,
        },
    ),
    Config(
        SelectTheme(
            Named(
                ThemeName(
                    "dark",
                ),
            ),
        ),
    ),
]
