---
source: crates/kernel/src/update/startup.rs
assertion_line: 198
expression: "(model.settings, model.transport.volume, model.themes,)"
---
(
    Settings {
        audio: AudioSettings {
            crossfade: Crossfade(
                3s,
            ),
            replaygain: On,
            device: Named(
                DeviceName(
                    "Speakers",
                ),
            ),
            sleep_presets: SleepPresets(
                [
                    900s,
                    1800s,
                ],
            ),
        },
        output_devices: [],
    },
    Percent(
        42,
    ),
    Themes {
        names: [
            ThemeName(
                "noir",
            ),
            ThemeName(
                "solar",
            ),
        ],
        selected: Named(
            ThemeName(
                "dark",
            ),
        ),
    },
)
