---
source: crates/kernel/src/update/startup.rs
assertion_line: 276
expression: projected
---
(
    AudioSettings {
        crossfade: Crossfade(
            3s,
        ),
        replay_gain: On,
        device: Named(
            DeviceName(
                "Speakers",
            ),
        ),
        sleep_presets: SleepPresets(
            [
                900s,
                1800s,
            ],
        ),
    },
    Percent(
        42,
    ),
    Favorites(
        {},
    ),
    true,
    2,
    Some(
        Index(0),
    ),
    Themes {
        names: [
            ThemeName(
                "noir",
            ),
            ThemeName(
                "solar",
            ),
        ],
        selected: Named(
            ThemeName(
                "dark",
            ),
        ),
    },
)
