---
source: crates/kernel/src/update/startup.rs
assertion_line: 203
expression: "(model.settings, model.transport.volume, model.themes,)"
---
(
    Settings {
        audio: AudioSettings {
            crossfade: Crossfade(
                3s,
            ),
            replay_gain: On,
            device: Named(
                DeviceName(
                    "Speakers",
                ),
            ),
            sleep_presets: SleepPresets(
                [
                    900s,
                    1800s,
                ],
            ),
        },
        output_devices: [],
        appearance: Appearance {
            settings: AppearanceSettings {
                cover_mode: Vinyl,
                cover_brackets: Hidden,
                format_chips: Hidden,
                speed_chip: Always,
                progress_time: Elapsed,
                key_hints: Shown,
                animations: On,
                layout_mode: Auto,
            },
            cover_size_px: 160,
            cover_cells: CoverCells {
                width: 20,
                height: 8,
            },
            breakpoints: Breakpoints {
                full_min_width: 60,
                full_min_height: 19,
                compact_min_width: 30,
                compact_min_height: 13,
                min_columns: 48,
                min_rows: 16,
            },
            progress: ProgressBar {
                height_px: 4.0,
                radius: None,
                fill: None,
                track: None,
            },
        },
    },
    Percent(
        42,
    ),
    Themes {
        names: [
            ThemeName(
                "noir",
            ),
            ThemeName(
                "solar",
            ),
        ],
        selected: Named(
            ThemeName(
                "dark",
            ),
        ),
    },
)
