---
source: crates/kernel/src/update/startup.rs
assertion_line: 261
expression: projected
---
(
    Crossfade(
        3s,
    ),
    On,
    Named(
        DeviceName(
            "Speakers",
        ),
    ),
    [
        900s,
        1800s,
    ],
    Percent(
        42,
    ),
    Favorites(
        {},
    ),
    true,
    2,
    Some(
        Index(0),
    ),
    Themes {
        names: [
            ThemeName(
                "noir",
            ),
            ThemeName(
                "solar",
            ),
        ],
        selected: Named(
            ThemeName(
                "dark",
            ),
        ),
    },
)
