---
source: crates/kernel/src/update/startup.rs
assertion_line: 186
expression: effects
---
[
    Animate(
        PlayOrderChanged,
    ),
    Audio(
        Stop,
    ),
    System(
        PlaybackState(
            Paused,
        ),
    ),
    System(
        NowPlaying(
            Cleared,
        ),
    ),
    Audio(
        ListDevices,
    ),
    Library(
        LoadFavorites,
    ),
    Library(
        ScanLibrary {
            root: "/music",
            revision: Revision(
                0,
            ),
        },
    ),
    Config(
        SelectTheme(
            Named(
                ThemeName(
                    "dark",
                ),
            ),
        ),
    ),
]
