---
source: crates/config/src/config_file.rs
assertion_line: 213
expression: config
---
ConfigToml {
    music_dir: None,
    theme: Auto,
    volume: Percent(
        50,
    ),
    audio: TomlAudio {
        crossfade: Crossfade(
            0ns,
        ),
        replay_gain: Off,
        device: SystemDefault,
        sleep_presets: SleepPresets(
            [
                900s,
                1800s,
                3600s,
            ],
        ),
    },
    keymap: {
        "play_pause": KeyOverride {
            chord: "space",
            key_context: Global,
        },
        "quit": KeyOverride {
            chord: "q",
            key_context: Global,
        },
    },
}
