---
source: crates/config/src/theme_file.rs
assertion_line: 93
expression: "parse_theme(source, name).unwrap()"
---
TomlTheme {
    name: ThemeName(
        "hacker",
    ),
    colors: TomlColors {
        background: Rgb(
            [
                11,
                12,
                22,
            ],
        ),
        foreground: Rgb(
            [
                142,
                149,
                184,
            ],
        ),
        bright_foreground: Rgb(
            [
                221,
                247,
                255,
            ],
        ),
        accent: Rgb(
            [
                130,
                251,
                156,
            ],
        ),
        green: Rgb(
            [
                46,
                194,
                126,
            ],
        ),
        yellow: Rgb(
            [
                247,
                223,
                80,
            ],
        ),
        red: Rgb(
            [
                255,
                95,
                120,
            ],
        ),
        window_background: None,
    },
    scanning_label: "scanning…",
}
