---
source: crates/config/src/theme_file.rs
assertion_line: 93
expression: "parse_theme(source, name).unwrap()"
---
ThemeFile {
    name: ThemeName(
        "ember",
    ),
    colors: ThemeColors {
        background: Rgb(
            [
                18,
                18,
                18,
            ],
        ),
        foreground: Rgb(
            [
                144,
                120,
                104,
            ],
        ),
        bright_foreground: Rgb(
            [
                232,
                208,
                184,
            ],
        ),
        accent: Rgb(
            [
                224,
                112,
                64,
            ],
        ),
        green: Rgb(
            [
                154,
                170,
                104,
            ],
        ),
        yellow: Rgb(
            [
                216,
                160,
                80,
            ],
        ),
        red: Rgb(
            [
                209,
                90,
                90,
            ],
        ),
        window_background: None,
    },
    scanning_label: "scanning…",
}
