---
source: crates/config/src/theme_file.rs
assertion_line: 93
expression: "parse_theme(source, name).unwrap()"
---
TomlTheme {
    name: ThemeName(
        "gruvbox-light",
    ),
    colors: TomlColors {
        background: Rgb(
            [
                251,
                241,
                199,
            ],
        ),
        muted_foreground: Rgb(
            [
                124,
                111,
                100,
            ],
        ),
        foreground: Rgb(
            [
                60,
                56,
                54,
            ],
        ),
        accent: Rgb(
            [
                175,
                58,
                3,
            ],
        ),
        green: Rgb(
            [
                121,
                116,
                14,
            ],
        ),
        yellow: Rgb(
            [
                181,
                118,
                20,
            ],
        ),
        red: Rgb(
            [
                157,
                0,
                6,
            ],
        ),
        window_background: Some(
            Rgb(
                [
                    242,
                    229,
                    188,
                ],
            ),
        ),
    },
    scanning_label: "scanning…",
}
