---
source: crates/config/src/theme_file.rs
assertion_line: 93
expression: "parse_theme(source, name).unwrap()"
---
TomlTheme {
    name: ThemeName(
        "rose-pine",
    ),
    colors: TomlColors {
        background: Rgb(
            [
                25,
                23,
                36,
            ],
        ),
        foreground: Rgb(
            [
                144,
                140,
                170,
            ],
        ),
        bright_foreground: Rgb(
            [
                224,
                222,
                244,
            ],
        ),
        accent: Rgb(
            [
                235,
                188,
                186,
            ],
        ),
        green: Rgb(
            [
                156,
                207,
                216,
            ],
        ),
        yellow: Rgb(
            [
                246,
                193,
                119,
            ],
        ),
        red: Rgb(
            [
                235,
                111,
                146,
            ],
        ),
        window_background: None,
    },
    scanning_label: "scanning…",
}
