---
source: crates/config/src/config_file.rs
expression: config
---
ConfigFile {
    music_dir: None,
    theme: Auto,
    volume: Percent(
        50,
    ),
    audio: AudioConfig {
        crossfade: Crossfade(
            0ns,
        ),
        replaygain: Off,
        device: Some(
            "Speakers",
        ),
        sleep_presets: SleepPresets(
            [
                900s,
                1800s,
                3600s,
            ],
        ),
    },
    keymap: {},
}
