---
source: crates/config/src/theme_file.rs
assertion_line: 93
expression: "parse_theme(source, name).unwrap()"
---
TomlTheme {
    name: ThemeName(
        "terracotta-light",
    ),
    colors: TomlColors {
        background: Rgb(
            [
                250,
                249,
                245,
            ],
        ),
        foreground: Rgb(
            [
                94,
                93,
                89,
            ],
        ),
        bright_foreground: Rgb(
            [
                20,
                20,
                19,
            ],
        ),
        accent: Rgb(
            [
                217,
                119,
                87,
            ],
        ),
        green: Rgb(
            [
                63,
                122,
                63,
            ],
        ),
        yellow: Rgb(
            [
                184,
                134,
                43,
            ],
        ),
        red: Rgb(
            [
                176,
                67,
                44,
            ],
        ),
        window_background: None,
    },
    scanning_label: "scanning…",
}
