---
source: crates/config/src/config_file.rs
assertion_line: 183
expression: config
---
ConfigToml {
    music_dir: None,
    theme: Auto,
    volume: Percent(
        50,
    ),
    audio: AudioConfig {
        crossfade: Crossfade(
            0ns,
        ),
        replaygain: Off,
        device: Named(
            DeviceName(
                "Speakers",
            ),
        ),
        sleep_presets: SleepPresets(
            [
                900s,
                1800s,
                3600s,
            ],
        ),
    },
    keymap: {},
}
