---
source: crates/kernel/src/domain/appearance.rs
expression: "Appearance::default()"
---
Appearance {
    cover_style: Vinyl,
    cover_brackets: Hidden,
    format_chips: Hidden,
    speed_chip: Always,
    progress_time: Elapsed,
    key_hints: Shown,
    animations: On,
    layout_mode: Auto,
}
