---
source: crates/widgets/src/theme/palette.rs
expression: test_colors_file().derive()
---
Colors {
    background: Rgb(
        [
            16,
            32,
            48,
        ],
    ),
    window_background: Rgb(
        [
            18,
            34,
            50,
        ],
    ),
    foreground: Rgb(
        [
            112,
            128,
            144,
        ],
    ),
    accent: Rgb(
        [
            160,
            176,
            192,
        ],
    ),
    favorite: Rgb(
        [
            255,
            255,
            0,
        ],
    ),
    selection_foreground: Rgb(
        [
            169,
            178,
            188,
        ],
    ),
    selection_background: Rgb(
        [
            50,
            66,
            82,
        ],
    ),
    highlight: Rgb(
        [
            160,
            176,
            192,
        ],
    ),
    muted_foreground: Rgb(
        [
            64,
            80,
            96,
        ],
    ),
    bar_groove: Rgb(
        [
            51,
            67,
            83,
        ],
    ),
    spectrum: [
        Rgb(
            [
                0,
                255,
                0,
            ],
        ),
        Rgb(
            [
                255,
                255,
                0,
            ],
        ),
        Rgb(
            [
                255,
                0,
                0,
            ],
        ),
    ],
}
