---
source: crates/widgets/src/theme/palette.rs
expression: test_colors_file().derive()
---
Colors {
    roles: [
        Hex(
            [
                16,
                32,
                48,
            ],
        ),
        Hex(
            [
                18,
                34,
                50,
            ],
        ),
        Hex(
            [
                112,
                128,
                144,
            ],
        ),
        Hex(
            [
                160,
                176,
                192,
            ],
        ),
        Hex(
            [
                255,
                255,
                0,
            ],
        ),
        Hex(
            [
                169,
                178,
                188,
            ],
        ),
        Hex(
            [
                50,
                66,
                82,
            ],
        ),
        Hex(
            [
                160,
                176,
                192,
            ],
        ),
        Hex(
            [
                64,
                80,
                96,
            ],
        ),
        Hex(
            [
                64,
                80,
                96,
            ],
        ),
        Hex(
            [
                51,
                67,
                83,
            ],
        ),
    ],
    spectrum: [
        Hex(
            [
                0,
                255,
                0,
            ],
        ),
        Hex(
            [
                255,
                255,
                0,
            ],
        ),
        Hex(
            [
                255,
                0,
                0,
            ],
        ),
    ],
}
