---
source: crates/config/tests/unit/config_file.rs
expression: parsed
---
ConfigFile {
    music_dir: Some(
        "/music",
    ),
    theme: "auto",
    volume: 50,
    audio: AudioConfig {
        crossfade: Crossfade(
            0ns,
        ),
        replaygain: Off,
        device: None,
        sleep_presets: [
            900s,
            1800s,
            3600s,
        ],
    },
    keymap: {},
}
