---
source: crates/config/tests/unit/rows.rs
expression: patch
---
AppearancePatch {
    cover_style: None,
    cover_brackets: None,
    format_chips: None,
    speed_chip: None,
    progress_remaining: None,
    key_hints: Some(
        Hidden,
    ),
    animations: None,
    layout_mode: None,
}
