---
source: crates/config/tests/unit/config_file.rs
assertion_line: 36
expression: parsed
---
ConfigSettings {
    keymap_overrides: {
        "next": KeyOverride {
            chord: "x",
            key_context: None,
        },
    },
    music_dir: Some(
        "/tmp/music",
    ),
    accounts: [],
}
