---
source: crates/config/tests/unit/config_file.rs
expression: round_tripped
---
ConfigFile {
    music_dir: Some(
        "/music",
    ),
    theme: Named(
        ThemeName(
            "noir",
        ),
    ),
    volume: Percent(
        42,
    ),
    audio: AudioConfig {
        crossfade: Crossfade(
            0ns,
        ),
        replaygain: Off,
        device: Some(
            "Speakers",
        ),
        sleep_presets: SleepPresets(
            [
                900s,
                1800s,
                3600s,
            ],
        ),
    },
    keymap: {},
}
