---
source: crates/widgets/src/card/mod.rs
assertion_line: 605
expression: "painted(&widget, 60, height())"
---
"╭ Zefiro ──────────────────────────────────────────────────╮"
"│                                                          │"
"│      No cover      Moon River                ▶ Playing   │"
"│                    Test Artist                           │"
"│                    00:30 / 04:05  » 1×                   │"
"│                                                          │"
"│                    ━━━━───────────────────────────────   │"
"│                    ⠀⠀⠀⠀⠀⠀⠀⠀⠀                             │"
"│                    ⣤⣤⣤⣤⢠⣤⣤⣤⡄                             │"
"│                    ⣿⣿⣿⣿⢸⣿⣿⣿⡇  ████████████████████████   │"
"│                                                          │"
"╰──────────────────────────────────────────────────────────╯"
