---
source: crates/kernel/tests/unit/effects_snapshot.rs
expression: effects(cmd)
---
[
    Config(
        SetAppearance(
            AppearancePatch {
                cover_mode: None,
                cover_brackets: None,
                format_chips: None,
                speed_chip: Some(
                    Changed,
                ),
                progress_time: None,
                key_hints: None,
                animations: None,
                layout_mode: None,
            },
        ),
    ),
]
