---
source: crates/kernel/tests/unit/transitions.rs
assertion_line: 526
expression: effs
---
[
    Audio(
        Stop,
    ),
    Audio(
        Load {
            path: "/tmp/track0.flac",
            gain: None,
            revision: Revision(
                1,
            ),
        },
    ),
    Library(
        AppendHistory {
            track: Track {
                path: "/tmp/track0.flac",
                duration: Some(
                    200s,
                ),
                tags: Tags {
                    title: Some(
                        "Song",
                    ),
                    artist: Some(
                        "Artist",
                    ),
                    album: None,
                    album_artist: None,
                    date: None,
                    genre: None,
                    track: None,
                    track_total: None,
                    disc: None,
                    composer: None,
                    comment: None,
                    lyrics: None,
                },
                audio_format: AudioFormat {
                    format: None,
                    bitrate_kbps: None,
                    sample_rate_hz: None,
                    bits_per_sample: None,
                    channels: None,
                    replay_gain: None,
                },
                display: "Artist — Song",
                tagging: Read,
            },
            at: UnixSeconds(
                0,
            ),
        },
    ),
    System(
        NowPlaying(
            Track {
                title: "Song",
                artist: Some(
                    "Artist",
                ),
                album: None,
                duration: 200s,
                path: "/tmp/track0.flac",
            },
        ),
    ),
    Audio(
        Pause(
            Playing,
        ),
    ),
    System(
        PlaybackState(
            Playing,
        ),
    ),
    Animate(
        TrackChanged,
    ),
    Animate(
        PlaybackChanged(
            Play,
        ),
    ),
]
