---
source: crates/kernel/tests/unit/effects_snapshot.rs
assertion_line: 36
expression: effects(cmd)
---
[
    Audio(
        Stop,
    ),
    Audio(
        Load(
            TrackLoad {
                media: Local(
                    "/tmp/track0.flac",
                ),
                decibels: None,
                revision: Revision(
                    1,
                ),
            },
        ),
    ),
    Library(
        Disk(
            AppendHistory(
                HistoryEntry {
                    track_source: Local(
                        "/tmp/track0.flac",
                    ),
                    title: "track0",
                    artist: None,
                    played_at: Moment(
                        0ns,
                    ),
                },
            ),
        ),
    ),
    Macos(
        NowPlaying(
            Some(
                Track {
                    source: Local(
                        "/tmp/track0.flac",
                    ),
                    tags: Tags {
                        title: None,
                        artist: None,
                        album: None,
                        album_artist: None,
                        date: None,
                        genre: None,
                        track_number: None,
                        track_total: None,
                        disc: None,
                        composer: None,
                        comment: None,
                        lyrics: None,
                    },
                    audio_format: AudioFormat {
                        format: None,
                        bitrate: None,
                        sample_rate: None,
                        bits_per_sample: None,
                        channels: None,
                        decibels: None,
                    },
                    display: "track0",
                    tagging: Listed(
                        None,
                    ),
                },
            ),
        ),
    ),
    Audio(
        SetPlayback(
            Playing,
        ),
    ),
    Macos(
        SetPlayback(
            Playing,
        ),
    ),
    Animate(
        TrackChanged,
    ),
    Animate(
        PlaybackChanged(
            Play,
        ),
    ),
]
