---
source: crates/kernel/tests/table/router.rs
assertion_line: 368
expression: "walked(model, messages)"
---
[
    (
        Overlay(
            Open(
                SavePlaylist,
            ),
        ),
        [
            Animate(
                OverlayOpened,
            ),
        ],
        Stopped,
        Some(
            SavePlaylist(
                TextEntry {
                    input: "",
                    error: None,
                },
            ),
        ),
        Cursor {
            index: 0,
            len: 1,
        },
        Cursor {
            index: 0,
            len: 1,
        },
        [],
        Off,
        Linear,
        Transport {
            volume: Percent(
                50,
            ),
            speed: Speed(
                1.0,
            ),
            sleep: None,
            ab_loop: None,
            output: Ready,
        },
        [],
    ),
    (
        Overlay(
            Text(
                Char(
                    '.',
                ),
            ),
        ),
        [],
        Stopped,
        Some(
            SavePlaylist(
                TextEntry {
                    input: ".",
                    error: None,
                },
            ),
        ),
        Cursor {
            index: 0,
            len: 1,
        },
        Cursor {
            index: 0,
            len: 1,
        },
        [],
        Off,
        Linear,
        Transport {
            volume: Percent(
                50,
            ),
            speed: Speed(
                1.0,
            ),
            sleep: None,
            ab_loop: None,
            output: Ready,
        },
        [],
    ),
    (
        Overlay(
            Text(
                Char(
                    '.',
                ),
            ),
        ),
        [],
        Stopped,
        Some(
            SavePlaylist(
                TextEntry {
                    input: "..",
                    error: None,
                },
            ),
        ),
        Cursor {
            index: 0,
            len: 1,
        },
        Cursor {
            index: 0,
            len: 1,
        },
        [],
        Off,
        Linear,
        Transport {
            volume: Percent(
                50,
            ),
            speed: Speed(
                1.0,
            ),
            sleep: None,
            ab_loop: None,
            output: Ready,
        },
        [],
    ),
    (
        Overlay(
            Text(
                Char(
                    '.',
                ),
            ),
        ),
        [],
        Stopped,
        Some(
            SavePlaylist(
                TextEntry {
                    input: "...",
                    error: None,
                },
            ),
        ),
        Cursor {
            index: 0,
            len: 1,
        },
        Cursor {
            index: 0,
            len: 1,
        },
        [],
        Off,
        Linear,
        Transport {
            volume: Percent(
                50,
            ),
            speed: Speed(
                1.0,
            ),
            sleep: None,
            ab_loop: None,
            output: Ready,
        },
        [],
    ),
    (
        Overlay(
            Confirm,
        ),
        [],
        Stopped,
        Some(
            SavePlaylist(
                TextEntry {
                    input: "...",
                    error: Some(
                        AllDots,
                    ),
                },
            ),
        ),
        Cursor {
            index: 0,
            len: 1,
        },
        Cursor {
            index: 0,
            len: 1,
        },
        [],
        Off,
        Linear,
        Transport {
            volume: Percent(
                50,
            ),
            speed: Speed(
                1.0,
            ),
            sleep: None,
            ab_loop: None,
            output: Ready,
        },
        [],
    ),
]
