---
source: crates/kernel/tests/table/router.rs
assertion_line: 414
expression: "walked(model, messages)"
---
[
    (
        Overlay(
            Open(
                Search,
            ),
        ),
        One(
            Animate(
                OverlayOpened,
            ),
        ),
        Stopped,
        Some(
            Search(
                CursorOver {
                    cursor: Cursor {
                        index: 0,
                        len: 3,
                    },
                    content: SearchQuery {
                        input: "",
                        matches: [
                            0,
                            1,
                            2,
                        ],
                    },
                },
            ),
        ),
        Cursor {
            index: 0,
            len: 0,
        },
        Cursor {
            index: 0,
            len: 3,
        },
        [],
        Off,
        Linear,
        Transport {
            volume: Percent(
                50,
            ),
            speed: Speed(
                1.0,
            ),
            sleep: None,
            ab: None,
            output: Ready,
        },
        None,
    ),
    (
        Overlay(
            Search(
                Edit(
                    Char(
                        'm',
                    ),
                ),
            ),
        ),
        None,
        Stopped,
        Some(
            Search(
                CursorOver {
                    cursor: Cursor {
                        index: 0,
                        len: 3,
                    },
                    content: SearchQuery {
                        input: "m",
                        matches: [
                            0,
                            2,
                            1,
                        ],
                    },
                },
            ),
        ),
        Cursor {
            index: 0,
            len: 0,
        },
        Cursor {
            index: 0,
            len: 3,
        },
        [],
        Off,
        Linear,
        Transport {
            volume: Percent(
                50,
            ),
            speed: Speed(
                1.0,
            ),
            sleep: None,
            ab: None,
            output: Ready,
        },
        None,
    ),
    (
        Overlay(
            Search(
                Edit(
                    Char(
                        'o',
                    ),
                ),
            ),
        ),
        None,
        Stopped,
        Some(
            Search(
                CursorOver {
                    cursor: Cursor {
                        index: 0,
                        len: 3,
                    },
                    content: SearchQuery {
                        input: "mo",
                        matches: [
                            0,
                            2,
                            1,
                        ],
                    },
                },
            ),
        ),
        Cursor {
            index: 0,
            len: 0,
        },
        Cursor {
            index: 0,
            len: 3,
        },
        [],
        Off,
        Linear,
        Transport {
            volume: Percent(
                50,
            ),
            speed: Speed(
                1.0,
            ),
            sleep: None,
            ab: None,
            output: Ready,
        },
        None,
    ),
    (
        Overlay(
            Search(
                Edit(
                    Char(
                        'o',
                    ),
                ),
            ),
        ),
        None,
        Stopped,
        Some(
            Search(
                CursorOver {
                    cursor: Cursor {
                        index: 0,
                        len: 2,
                    },
                    content: SearchQuery {
                        input: "moo",
                        matches: [
                            0,
                            2,
                        ],
                    },
                },
            ),
        ),
        Cursor {
            index: 0,
            len: 0,
        },
        Cursor {
            index: 0,
            len: 3,
        },
        [],
        Off,
        Linear,
        Transport {
            volume: Percent(
                50,
            ),
            speed: Speed(
                1.0,
            ),
            sleep: None,
            ab: None,
            output: Ready,
        },
        None,
    ),
    (
        Overlay(
            Search(
                Edit(
                    Char(
                        'n',
                    ),
                ),
            ),
        ),
        None,
        Stopped,
        Some(
            Search(
                CursorOver {
                    cursor: Cursor {
                        index: 0,
                        len: 2,
                    },
                    content: SearchQuery {
                        input: "moon",
                        matches: [
                            0,
                            2,
                        ],
                    },
                },
            ),
        ),
        Cursor {
            index: 0,
            len: 0,
        },
        Cursor {
            index: 0,
            len: 3,
        },
        [],
        Off,
        Linear,
        Transport {
            volume: Percent(
                50,
            ),
            speed: Speed(
                1.0,
            ),
            sleep: None,
            ab: None,
            output: Ready,
        },
        None,
    ),
    (
        Overlay(
            Search(
                Navigate(
                    Next,
                ),
            ),
        ),
        None,
        Stopped,
        Some(
            Search(
                CursorOver {
                    cursor: Cursor {
                        index: 1,
                        len: 2,
                    },
                    content: SearchQuery {
                        input: "moon",
                        matches: [
                            0,
                            2,
                        ],
                    },
                },
            ),
        ),
        Cursor {
            index: 0,
            len: 0,
        },
        Cursor {
            index: 0,
            len: 3,
        },
        [],
        Off,
        Linear,
        Transport {
            volume: Percent(
                50,
            ),
            speed: Speed(
                1.0,
            ),
            sleep: None,
            ab: None,
            output: Ready,
        },
        None,
    ),
    (
        Overlay(
            Search(
                Enqueue,
            ),
        ),
        One(
            Animate(
                QueueChanged,
            ),
        ),
        Stopped,
        Some(
            Search(
                CursorOver {
                    cursor: Cursor {
                        index: 1,
                        len: 2,
                    },
                    content: SearchQuery {
                        input: "moon",
                        matches: [
                            0,
                            2,
                        ],
                    },
                },
            ),
        ),
        Cursor {
            index: 0,
            len: 3,
        },
        Cursor {
            index: 0,
            len: 3,
        },
        [
            Index(2),
        ],
        Off,
        Linear,
        Transport {
            volume: Percent(
                50,
            ),
            speed: Speed(
                1.0,
            ),
            sleep: None,
            ab: None,
            output: Ready,
        },
        None,
    ),
]
