---
source: crates/kernel/tests/table/router.rs
assertion_line: 414
expression: "walked(model, messages)"
---
[
    (
        Overlay(
            Open(
                ConfirmDelete,
            ),
        ),
        One(
            Animate(
                OverlayOpened,
            ),
        ),
        Stopped,
        Some(
            ConfirmDelete(
                DeleteCandidate {
                    track: Index(0),
                    title: "Moon River",
                    artist: "Audrey Hepburn",
                },
            ),
        ),
        Cursor {
            index: 0,
            len: 0,
        },
        Cursor {
            index: 0,
            len: 3,
        },
        [],
        Off,
        Linear,
        Transport {
            volume: Percent(
                50,
            ),
            speed: Speed(
                1.0,
            ),
            sleep: None,
            ab: None,
            output: Ready,
        },
        None,
    ),
    (
        Overlay(
            Confirm,
        ),
        Batch(
            [
                Animate(
                    OverlayClosed,
                ),
                Library(
                    Trash(
                        "/m/0.flac",
                    ),
                ),
                Animate(
                    TrackDeleted,
                ),
            ],
        ),
        Stopped,
        None,
        Cursor {
            index: 0,
            len: 3,
        },
        Cursor {
            index: 0,
            len: 2,
        },
        [],
        Off,
        Linear,
        Transport {
            volume: Percent(
                50,
            ),
            speed: Speed(
                1.0,
            ),
            sleep: None,
            ab: None,
            output: Ready,
        },
        None,
    ),
]
