---
source: crates/kernel/tests/table/library.rs
expression: effects(cmd)
---
[
    Library(
        TagTracks {
            music_dir: "/music",
            paths: [
                "/music/a.flac",
                "/music/b.flac",
            ],
            revision: Revision(
                0,
            ),
        },
    ),
]
