---
source: crates/kernel/tests/table/router.rs
assertion_line: 368
expression: "walked(model, messages)"
---
[
    (
        Overlay(
            History(
                Enqueue,
            ),
        ),
        Batch(
            [
                Animate(
                    ToastRaised,
                ),
                After {
                    delay: 5s,
                    timer: Toast(
                        Revision(
                            1,
                        ),
                    ),
                },
            ],
        ),
        Stopped,
        Some(
            History(
                CursorOver {
                    cursor: Cursor {
                        index: 0,
                        len: 1,
                    },
                    content: (),
                },
            ),
        ),
        Cursor {
            index: 0,
            len: 0,
        },
        Cursor {
            index: 0,
            len: 0,
        },
        [],
        Off,
        Linear,
        Transport {
            volume: Percent(
                50,
            ),
            speed: Speed(
                1.0,
            ),
            sleep: None,
            ab_loop: None,
            output: Ready,
        },
        [
            Toast {
                kind: Info,
                title: "Not in library",
                text: None,
                raised_at: Moment(
                    0ns,
                ),
            },
        ],
    ),
]
