---
source: crates/kernel/tests/table/router.rs
assertion_line: 368
expression: "walked(model, messages)"
---
[
    (
        Overlay(
            Open(
                Search,
            ),
        ),
        [
            Animate(
                OverlayOpened,
            ),
        ],
        Stopped,
        Some(
            Search(
                CursorOver {
                    cursor: Cursor {
                        index: 0,
                        len: 3,
                    },
                    content: SearchQuery {
                        input: "",
                        matches: [
                            Index(0),
                            Index(1),
                            Index(2),
                        ],
                    },
                },
            ),
        ),
        Cursor {
            index: 0,
            len: 3,
        },
        Cursor {
            index: 0,
            len: 3,
        },
        [],
        Off,
        Linear,
        Transport {
            volume: Percent(
                50,
            ),
            speed: Speed(
                1.0,
            ),
            sleep: None,
            ab_loop: None,
            output: Ready,
        },
        [],
    ),
    (
        Overlay(
            Search(
                Edit(
                    Char(
                        'm',
                    ),
                ),
            ),
        ),
        [],
        Stopped,
        Some(
            Search(
                CursorOver {
                    cursor: Cursor {
                        index: 0,
                        len: 3,
                    },
                    content: SearchQuery {
                        input: "m",
                        matches: [
                            Index(0),
                            Index(2),
                            Index(1),
                        ],
                    },
                },
            ),
        ),
        Cursor {
            index: 0,
            len: 3,
        },
        Cursor {
            index: 0,
            len: 3,
        },
        [],
        Off,
        Linear,
        Transport {
            volume: Percent(
                50,
            ),
            speed: Speed(
                1.0,
            ),
            sleep: None,
            ab_loop: None,
            output: Ready,
        },
        [],
    ),
    (
        Overlay(
            Search(
                Edit(
                    Char(
                        'o',
                    ),
                ),
            ),
        ),
        [],
        Stopped,
        Some(
            Search(
                CursorOver {
                    cursor: Cursor {
                        index: 0,
                        len: 3,
                    },
                    content: SearchQuery {
                        input: "mo",
                        matches: [
                            Index(0),
                            Index(2),
                            Index(1),
                        ],
                    },
                },
            ),
        ),
        Cursor {
            index: 0,
            len: 3,
        },
        Cursor {
            index: 0,
            len: 3,
        },
        [],
        Off,
        Linear,
        Transport {
            volume: Percent(
                50,
            ),
            speed: Speed(
                1.0,
            ),
            sleep: None,
            ab_loop: None,
            output: Ready,
        },
        [],
    ),
    (
        Overlay(
            Search(
                Edit(
                    Char(
                        'o',
                    ),
                ),
            ),
        ),
        [],
        Stopped,
        Some(
            Search(
                CursorOver {
                    cursor: Cursor {
                        index: 0,
                        len: 2,
                    },
                    content: SearchQuery {
                        input: "moo",
                        matches: [
                            Index(0),
                            Index(2),
                        ],
                    },
                },
            ),
        ),
        Cursor {
            index: 0,
            len: 3,
        },
        Cursor {
            index: 0,
            len: 3,
        },
        [],
        Off,
        Linear,
        Transport {
            volume: Percent(
                50,
            ),
            speed: Speed(
                1.0,
            ),
            sleep: None,
            ab_loop: None,
            output: Ready,
        },
        [],
    ),
    (
        Overlay(
            Search(
                Edit(
                    Char(
                        'n',
                    ),
                ),
            ),
        ),
        [],
        Stopped,
        Some(
            Search(
                CursorOver {
                    cursor: Cursor {
                        index: 0,
                        len: 2,
                    },
                    content: SearchQuery {
                        input: "moon",
                        matches: [
                            Index(0),
                            Index(2),
                        ],
                    },
                },
            ),
        ),
        Cursor {
            index: 0,
            len: 3,
        },
        Cursor {
            index: 0,
            len: 3,
        },
        [],
        Off,
        Linear,
        Transport {
            volume: Percent(
                50,
            ),
            speed: Speed(
                1.0,
            ),
            sleep: None,
            ab_loop: None,
            output: Ready,
        },
        [],
    ),
    (
        Overlay(
            Search(
                Navigate(
                    Next,
                ),
            ),
        ),
        [],
        Stopped,
        Some(
            Search(
                CursorOver {
                    cursor: Cursor {
                        index: 1,
                        len: 2,
                    },
                    content: SearchQuery {
                        input: "moon",
                        matches: [
                            Index(0),
                            Index(2),
                        ],
                    },
                },
            ),
        ),
        Cursor {
            index: 0,
            len: 3,
        },
        Cursor {
            index: 0,
            len: 3,
        },
        [],
        Off,
        Linear,
        Transport {
            volume: Percent(
                50,
            ),
            speed: Speed(
                1.0,
            ),
            sleep: None,
            ab_loop: None,
            output: Ready,
        },
        [],
    ),
    (
        Overlay(
            Confirm,
        ),
        [
            Animate(
                OverlayClosed,
            ),
            Audio(
                Stop,
            ),
            Audio(
                Load(
                    TrackLoad {
                        path: "/m/2.flac",
                        gain: None,
                        revision: Revision(
                            1,
                        ),
                    },
                ),
            ),
            Library(
                AppendHistory(
                    HistoryEntry {
                        track: Local(
                            "/m/2.flac",
                        ),
                        title: "Moonlight Sonata",
                        artist: Some(
                            "Beethoven",
                        ),
                        at: Moment(
                            0ns,
                        ),
                    },
                ),
            ),
            Macos(
                NowPlaying(
                    Some(
                        Track {
                            source: Local(
                                "/m/2.flac",
                            ),
                            tags: Tags {
                                title: Some(
                                    "Moonlight Sonata",
                                ),
                                artist: Some(
                                    "Beethoven",
                                ),
                                album: None,
                                album_artist: None,
                                date: None,
                                genre: None,
                                track: None,
                                track_total: None,
                                disc: None,
                                composer: None,
                                comment: None,
                                lyrics: None,
                            },
                            audio_format: AudioFormat {
                                format: None,
                                bitrate: None,
                                sample_rate: None,
                                bits_per_sample: None,
                                channels: None,
                                replay_gain: None,
                            },
                            display: "Beethoven — Moonlight Sonata",
                            tagging: Read(
                                100s,
                            ),
                        },
                    ),
                ),
            ),
            Audio(
                SetPlayback(
                    Playing,
                ),
            ),
            Macos(
                SetPlayback(
                    Playing,
                ),
            ),
            Animate(
                TrackChanged,
            ),
            Animate(
                PlaybackChanged(
                    Play,
                ),
            ),
        ],
        Loading(
            Track {
                source: Local(
                    "/m/2.flac",
                ),
                tags: Tags {
                    title: Some(
                        "Moonlight Sonata",
                    ),
                    artist: Some(
                        "Beethoven",
                    ),
                    album: None,
                    album_artist: None,
                    date: None,
                    genre: None,
                    track: None,
                    track_total: None,
                    disc: None,
                    composer: None,
                    comment: None,
                    lyrics: None,
                },
                audio_format: AudioFormat {
                    format: None,
                    bitrate: None,
                    sample_rate: None,
                    bits_per_sample: None,
                    channels: None,
                    replay_gain: None,
                },
                display: "Beethoven — Moonlight Sonata",
                tagging: Read(
                    100s,
                ),
            },
        ),
        None,
        Cursor {
            index: 0,
            len: 3,
        },
        Cursor {
            index: 2,
            len: 3,
        },
        [],
        Off,
        Linear,
        Transport {
            volume: Percent(
                50,
            ),
            speed: Speed(
                1.0,
            ),
            sleep: None,
            ab_loop: None,
            output: Ready,
        },
        [],
    ),
]
