---
source: crates/kernel/tests/table/router.rs
assertion_line: 368
expression: "walked(model, messages)"
---
[
    (
        Overlay(
            Open(
                Settings,
            ),
        ),
        One(
            Animate(
                OverlayOpened,
            ),
        ),
        Stopped,
        Some(
            Settings {
                selected: Theme,
            },
        ),
        Cursor {
            index: 0,
            len: 0,
        },
        Cursor {
            index: 0,
            len: 0,
        },
        [],
        Off,
        Linear,
        Transport {
            volume: Percent(
                50,
            ),
            speed: Speed(
                1.0,
            ),
            sleep: None,
            ab_loop: None,
            output: Ready,
        },
        [],
    ),
    (
        Overlay(
            Close,
        ),
        One(
            Animate(
                OverlayClosed,
            ),
        ),
        Stopped,
        None,
        Cursor {
            index: 0,
            len: 0,
        },
        Cursor {
            index: 0,
            len: 0,
        },
        [],
        Off,
        Linear,
        Transport {
            volume: Percent(
                50,
            ),
            speed: Speed(
                1.0,
            ),
            sleep: None,
            ab_loop: None,
            output: Ready,
        },
        [],
    ),
]
