---
source: crates/kernel/tests/table/keymap.rs
expression: "rendered.join(\"\\n\")"
---
Global         Space            Playback(Toggle)
Global         n                Playback(Next)
Global         p                Playback(Previous)
Global         h                Playback(SeekBy { direction: Previous, by: 10s })
Global         l                Playback(SeekBy { direction: Next, by: 10s })
Global         ←                Playback(SeekBy { direction: Previous, by: 5s })
Global         →                Playback(SeekBy { direction: Next, by: 5s })
Global         Shift+←          Playback(SeekBy { direction: Previous, by: 30s })
Global         Shift+→          Playback(SeekBy { direction: Next, by: 30s })
Global         +                Playback(StepVolume(Next))
Global         =                Playback(StepVolume(Next))
Global         -                Playback(StepVolume(Previous))
Global         _                Playback(StepVolume(Previous))
Global         s                Playback(ToggleShuffle)
Global         r                Playback(CycleRepeat)
Global         z                Playback(CycleSleep)
Global         b                Playback(AbMark)
Global         [                Playback(StepSpeed(Previous))
Global         ]                Playback(StepSpeed(Next))
Global         Ctrl+J           Overlay(Open(JumpToTime))
Playlist       j                Browse(CursorBy { rows: 1 })
Playlist       ↓                Browse(CursorBy { rows: 1 })
Playlist       k                Browse(CursorBy { rows: -1 })
Playlist       ↑                Browse(CursorBy { rows: -1 })
Playlist       gg               Browse(SelectFirst)
Playlist       Home             Browse(SelectFirst)
Playlist       G                Browse(SelectLast)
Playlist       End              Browse(SelectLast)
Playlist       PgDn             Browse(PageBy(Next))
Playlist       Ctrl+D           Browse(PageBy(Next))
Playlist       PgUp             Browse(PageBy(Previous))
Playlist       Ctrl+U           Browse(PageBy(Previous))
Playlist       Enter            Browse(PlaySelected)
Playlist       Tab              Browse(StepCatalog(Next))
Playlist       Shift+Tab        Browse(StepCatalog(Previous))
Playlist       Backspace        Browse(LevelUp)
Playlist       a                Queue(Toggle)
Playlist       A                Queue(PlayNext)
Playlist       x                Queue(Dequeue)
Playlist       Shift+↑          Queue(Move(Previous))
Playlist       Shift+↓          Queue(Move(Next))
Playlist       o                Browse(CycleSort)
Playlist       f                Browse(ToggleFavorite)
Playlist       d                Overlay(Open(ConfirmTrash))
Servers        d                Overlay(Open(ConfirmRemove))
Playlist       S                Overlay(Open(SavePlaylist))
Playlist       R                Browse(Rescan)
Playlist       i                Overlay(Open(TrackDetails))
Global         /                Overlay(Open(Search))
Global         H                Overlay(Open(History))
Global         ,                Overlay(Open(Settings))
Settings       j                Overlay(Settings(Navigate(Next)))
Settings       ↓                Overlay(Settings(Navigate(Next)))
Settings       k                Overlay(Settings(Navigate(Previous)))
Settings       ↑                Overlay(Settings(Navigate(Previous)))
Settings       h                Overlay(Settings(Step(Previous)))
Settings       ←                Overlay(Settings(Step(Previous)))
Settings       l                Overlay(Settings(Step(Next)))
Settings       →                Overlay(Settings(Step(Next)))
Settings       Enter            Overlay(Settings(Activate))
Settings       Space            Overlay(Settings(Activate))
Settings       Esc              Overlay(Close)
Settings       q                Overlay(Close)
Global         L                Overlay(Open(MusicDir))
Global         u                Overlay(Open(AddServer))
Global         c                Overlay(Open(Servers))
Servers        t                Overlay(Reconnect)
Global         ?                Overlay(Open(Help))
Global         Ctrl+K           Overlay(Open(Help))
Global         q                Quit
Global         0                Playback(SeekTenths(SeekTenths(0)))
Global         1                Playback(SeekTenths(SeekTenths(1)))
Global         2                Playback(SeekTenths(SeekTenths(2)))
Global         3                Playback(SeekTenths(SeekTenths(3)))
Global         4                Playback(SeekTenths(SeekTenths(4)))
Global         5                Playback(SeekTenths(SeekTenths(5)))
Global         6                Playback(SeekTenths(SeekTenths(6)))
Global         7                Playback(SeekTenths(SeekTenths(7)))
Global         8                Playback(SeekTenths(SeekTenths(8)))
Global         9                Playback(SeekTenths(SeekTenths(9)))
TextPrompt     Enter            Overlay(Confirm)
TextPrompt     Esc              Overlay(Close)
TextPrompt     Ctrl+U           Overlay(Text(Clear))
TextPrompt     Ctrl+W           Overlay(Text(DeleteWord))
TextPrompt     Alt+Backspace    Overlay(Text(DeleteWord))
TextPrompt     Cmd+Backspace    Overlay(Text(Clear))
TextPrompt     Backspace        Overlay(Text(Backspace))
Search         Ctrl+U           Overlay(Search(Edit(Clear)))
Search         Ctrl+W           Overlay(Search(Edit(DeleteWord)))
Search         Alt+Backspace    Overlay(Search(Edit(DeleteWord)))
Search         Cmd+Backspace    Overlay(Search(Edit(Clear)))
Search         Backspace        Overlay(Search(Edit(Backspace)))
Search         Esc              Overlay(Close)
Search         Enter            Overlay(Confirm)
Search         ↓                Overlay(Search(Navigate(Next)))
Search         ↑                Overlay(Search(Navigate(Previous)))
Search         Tab              Overlay(Search(Enqueue))
Help           Esc              Overlay(Close)
Help           q                Overlay(Close)
Help           Ctrl+K           Overlay(Close)
History        gg               Overlay(History(SelectFirst))
History        Esc              Overlay(Close)
History        q                Overlay(Close)
History        Enter            Overlay(History(Enqueue))
History        j                Overlay(History(Navigate(Next)))
History        ↓                Overlay(History(Navigate(Next)))
History        k                Overlay(History(Navigate(Previous)))
History        ↑                Overlay(History(Navigate(Previous)))
History        G                Overlay(History(SelectLast))
ConfirmTrash   y                Overlay(Confirm)
ConfirmTrash   Enter            Overlay(Confirm)
ConfirmTrash   n                Overlay(Close)
ConfirmTrash   Esc              Overlay(Close)
ConfirmTrash   q                Overlay(Close)
JumpToTime     Esc              Overlay(Close)
JumpToTime     q                Overlay(Close)
JumpToTime     Enter            Overlay(Confirm)
JumpToTime     Ctrl+U           Overlay(Text(Clear))
JumpToTime     Ctrl+W           Overlay(Text(DeleteWord))
JumpToTime     Alt+Backspace    Overlay(Text(DeleteWord))
JumpToTime     Cmd+Backspace    Overlay(Text(Clear))
JumpToTime     Backspace        Overlay(Text(Backspace))
TrackDetails   any key          Overlay(Close)
Servers        j                Overlay(Navigate(Next))
Servers        ↓                Overlay(Navigate(Next))
Servers        k                Overlay(Navigate(Previous))
Servers        ↑                Overlay(Navigate(Previous))
Servers        Enter            Overlay(Confirm)
Servers        u                Overlay(Open(AddServer))
Servers        Esc              Overlay(Close)
Servers        q                Overlay(Close)
ConfirmRemove  Enter            Overlay(Confirm)
ConfirmRemove  Esc              Overlay(Open(Servers))
