---
source: crates/kernel/tests/table/router.rs
assertion_line: 368
expression: "walked(model, messages)"
---
[
    (
        Overlay(
            Open(
                History,
            ),
        ),
        [
            Library(
                Disk(
                    LoadHistory(
                        200,
                    ),
                ),
            ),
            Animate(
                OverlayOpened,
            ),
        ],
        Stopped,
        Some(
            History(
                CursorOver {
                    cursor: Cursor {
                        index: 0,
                        len: 0,
                    },
                    content: (),
                },
            ),
        ),
        Cursor {
            index: 0,
            len: 1,
        },
        Cursor {
            index: 0,
            len: 1,
        },
        [],
        Off,
        Linear,
        Transport {
            volume: Percent(
                50,
            ),
            speed: Speed(
                1.0,
            ),
            sleep_timer: None,
            ab_loop: None,
            output_status: Ready,
            buffering_revision: None,
        },
        [],
    ),
    (
        Overlay(
            Close,
        ),
        [
            Animate(
                OverlayClosed,
            ),
        ],
        Stopped,
        None,
        Cursor {
            index: 0,
            len: 1,
        },
        Cursor {
            index: 0,
            len: 1,
        },
        [],
        Off,
        Linear,
        Transport {
            volume: Percent(
                50,
            ),
            speed: Speed(
                1.0,
            ),
            sleep_timer: None,
            ab_loop: None,
            output_status: Ready,
            buffering_revision: None,
        },
        [],
    ),
]
