---
source: crates/kernel/tests/table/keymap.rs
expression: "rendered.join(\"\\n\")"
---
Global         Space            Message(Playback(Toggle))
Global         n                Message(Playback(Next))
Global         p                Message(Playback(Previous))
Global         h                Message(Playback(SeekBy { seconds: -10 }))
Global         l                Message(Playback(SeekBy { seconds: 10 }))
Global         ←                Message(Playback(SeekBy { seconds: -5 }))
Global         →                Message(Playback(SeekBy { seconds: 5 }))
Global         Shift+←          Message(Playback(SeekBy { seconds: -30 }))
Global         Shift+→          Message(Playback(SeekBy { seconds: 30 }))
Global         +                Message(Playback(NudgeVolume { steps: 5 }))
Global         =                Message(Playback(NudgeVolume { steps: 5 }))
Global         -                Message(Playback(NudgeVolume { steps: -5 }))
Global         _                Message(Playback(NudgeVolume { steps: -5 }))
Global         s                Message(Playback(ToggleShuffle))
Global         r                Message(Playback(CycleRepeat))
Global         z                Message(Playback(CycleSleep))
Global         b                Message(Playback(AbMark))
Global         [                Message(Playback(NudgeSpeed { steps: -1 }))
Global         ]                Message(Playback(NudgeSpeed { steps: 1 }))
Global         Ctrl+J           Message(Overlay(Open(JumpToTime)))
Playlist       j                Message(Browse(CursorBy { rows: 1 }))
Playlist       ↓                Message(Browse(CursorBy { rows: 1 }))
Playlist       k                Message(Browse(CursorBy { rows: -1 }))
Playlist       ↑                Message(Browse(CursorBy { rows: -1 }))
Playlist       gg               Message(Browse(Top))
Playlist       Home             Message(Browse(Top))
Playlist       G                Message(Browse(Bottom))
Playlist       End              Message(Browse(Bottom))
Playlist       PgDn             Message(Browse(PageBy(Next)))
Playlist       Ctrl+D           Message(Browse(PageBy(Next)))
Playlist       PgUp             Message(Browse(PageBy(Previous)))
Playlist       Ctrl+U           Message(Browse(PageBy(Previous)))
Playlist       Enter            Message(Browse(PlaySelected))
Playlist       a                Message(Queue(Enqueue))
Playlist       A                Message(Queue(PlayNext))
Playlist       x                Message(Queue(Dequeue))
Playlist       Shift+↑          Message(Queue(MoveInQueue(Previous)))
Playlist       Shift+↓          Message(Queue(MoveInQueue(Next)))
Playlist       o                Message(Browse(CycleSort))
Playlist       f                Message(Browse(ToggleFavorite))
Playlist       d                Message(Overlay(Open(ConfirmDelete)))
Playlist       S                Message(Overlay(Open(SavePlaylist)))
Playlist       R                Message(Browse(FullScan))
Playlist       i                Message(Overlay(Open(TrackDetails)))
Global         /                Message(Overlay(Open(Search)))
Global         H                Message(Overlay(Open(History)))
Global         ,                Message(Overlay(Open(Settings)))
Settings       j                Message(Overlay(Settings(Navigate(Next))))
Settings       ↓                Message(Overlay(Settings(Navigate(Next))))
Settings       k                Message(Overlay(Settings(Navigate(Previous))))
Settings       ↑                Message(Overlay(Settings(Navigate(Previous))))
Settings       h                Message(Overlay(Settings(Adjust(Previous))))
Settings       ←                Message(Overlay(Settings(Adjust(Previous))))
Settings       l                Message(Overlay(Settings(Adjust(Next))))
Settings       →                Message(Overlay(Settings(Adjust(Next))))
Settings       Enter            Message(Overlay(Settings(Activate)))
Settings       Space            Message(Overlay(Settings(Activate)))
Settings       Esc              Message(Overlay(Close))
Global         L                Message(Overlay(Open(MusicDir)))
Global         ?                Message(Overlay(Open(Help)))
Global         Ctrl+K           Message(Overlay(Open(Help)))
Global         q                Message(Quit)
Global         0                Message(Playback(SeekFraction(SeekTenths(0))))
Global         1                Message(Playback(SeekFraction(SeekTenths(1))))
Global         2                Message(Playback(SeekFraction(SeekTenths(2))))
Global         3                Message(Playback(SeekFraction(SeekTenths(3))))
Global         4                Message(Playback(SeekFraction(SeekTenths(4))))
Global         5                Message(Playback(SeekFraction(SeekTenths(5))))
Global         6                Message(Playback(SeekFraction(SeekTenths(6))))
Global         7                Message(Playback(SeekFraction(SeekTenths(7))))
Global         8                Message(Playback(SeekFraction(SeekTenths(8))))
Global         9                Message(Playback(SeekFraction(SeekTenths(9))))
TextPrompt     Enter            Message(Overlay(Confirm))
TextPrompt     Esc              Message(Overlay(Close))
TextPrompt     Backspace        Message(Overlay(Text(Backspace)))
TextPrompt     any character    TypeChar(Text)
Search         Ctrl+U           Message(Overlay(Search(Edit(Clear))))
Search         Ctrl+W           Message(Overlay(Search(Edit(DeleteWord))))
Search         Alt+Backspace    Message(Overlay(Search(Edit(DeleteWord))))
Search         Super+Backspace  Message(Overlay(Search(Edit(Clear))))
Search         Esc              Message(Overlay(Close))
Search         Enter            Message(Overlay(Confirm))
Search         Backspace        Message(Overlay(Search(Edit(Backspace))))
Search         ↓                Message(Overlay(Search(Navigate(Next))))
Search         ↑                Message(Overlay(Search(Navigate(Previous))))
Search         Tab              Message(Overlay(Search(Enqueue)))
Search         any character    TypeChar(Search)
Help           Esc              Message(Overlay(Close))
Help           q                Message(Quit)
Help           Ctrl+K           Message(Overlay(Close))
History        gg               Message(Overlay(History(Top)))
History        Esc              Message(Overlay(Close))
History        Enter            Message(Overlay(History(Enqueue)))
History        j                Message(Overlay(History(Navigate(Next))))
History        ↓                Message(Overlay(History(Navigate(Next))))
History        k                Message(Overlay(History(Navigate(Previous))))
History        ↑                Message(Overlay(History(Navigate(Previous))))
History        G                Message(Overlay(History(Bottom)))
ConfirmDelete  y                Message(Overlay(Confirm))
ConfirmDelete  Enter            Message(Overlay(Confirm))
ConfirmDelete  n                Message(Overlay(Close))
ConfirmDelete  Esc              Message(Overlay(Close))
JumpToTime     Esc              Message(Overlay(Close))
JumpToTime     Enter            Message(Overlay(Confirm))
JumpToTime     Backspace        Message(Overlay(Jump(Backspace)))
JumpToTime     0                Message(Overlay(Jump(Char('0'))))
JumpToTime     1                Message(Overlay(Jump(Char('1'))))
JumpToTime     2                Message(Overlay(Jump(Char('2'))))
JumpToTime     3                Message(Overlay(Jump(Char('3'))))
JumpToTime     4                Message(Overlay(Jump(Char('4'))))
JumpToTime     5                Message(Overlay(Jump(Char('5'))))
JumpToTime     6                Message(Overlay(Jump(Char('6'))))
JumpToTime     7                Message(Overlay(Jump(Char('7'))))
JumpToTime     8                Message(Overlay(Jump(Char('8'))))
JumpToTime     9                Message(Overlay(Jump(Char('9'))))
JumpToTime     :                Message(Overlay(Jump(Char(':'))))
TrackDetails   any key          Message(Overlay(Close))
