---
source: crates/kernel/tests/table/router.rs
assertion_line: 368
expression: "walked(model, messages)"
---
[
    (
        Overlay(
            Open(
                Help,
            ),
        ),
        [
            Animate(
                OverlayOpened,
            ),
        ],
        Stopped,
        Some(
            Help,
        ),
        Cursor {
            index: 2,
            len: 3,
        },
        Cursor {
            index: 0,
            len: 3,
        },
        [],
        Off,
        Linear,
        Transport {
            volume: Percent(
                50,
            ),
            speed: Speed(
                1.0,
            ),
            sleep_timer: None,
            ab_loop: None,
            output_status: Ready,
        },
        [],
    ),
    (
        Overlay(
            Close,
        ),
        [
            Animate(
                OverlayClosed,
            ),
        ],
        Stopped,
        None,
        Cursor {
            index: 2,
            len: 3,
        },
        Cursor {
            index: 0,
            len: 3,
        },
        [],
        Off,
        Linear,
        Transport {
            volume: Percent(
                50,
            ),
            speed: Speed(
                1.0,
            ),
            sleep_timer: None,
            ab_loop: None,
            output_status: Ready,
        },
        [],
    ),
]
