---
source: crates/kernel/tests/table/router.rs
assertion_line: 368
expression: "walked(model, messages)"
---
[
    (
        Playback(
            CycleSleep,
        ),
        One(
            After {
                delay: 900s,
                timer: Sleep(
                    Revision(
                        1,
                    ),
                ),
            },
        ),
        Stopped,
        None,
        Cursor {
            index: 0,
            len: 0,
        },
        Cursor {
            index: 0,
            len: 0,
        },
        [],
        Off,
        Linear,
        Transport {
            volume: Percent(
                50,
            ),
            speed: Speed(
                1.0,
            ),
            sleep: Some(
                SleepTimer {
                    preset_index: 0,
                    delay: 900s,
                },
            ),
            ab_loop: None,
            output: Ready,
        },
        [],
    ),
    (
        Playback(
            CycleSleep,
        ),
        One(
            After {
                delay: 1800s,
                timer: Sleep(
                    Revision(
                        2,
                    ),
                ),
            },
        ),
        Stopped,
        None,
        Cursor {
            index: 0,
            len: 0,
        },
        Cursor {
            index: 0,
            len: 0,
        },
        [],
        Off,
        Linear,
        Transport {
            volume: Percent(
                50,
            ),
            speed: Speed(
                1.0,
            ),
            sleep: Some(
                SleepTimer {
                    preset_index: 1,
                    delay: 1800s,
                },
            ),
            ab_loop: None,
            output: Ready,
        },
        [],
    ),
    (
        Playback(
            CycleSleep,
        ),
        One(
            After {
                delay: 3600s,
                timer: Sleep(
                    Revision(
                        3,
                    ),
                ),
            },
        ),
        Stopped,
        None,
        Cursor {
            index: 0,
            len: 0,
        },
        Cursor {
            index: 0,
            len: 0,
        },
        [],
        Off,
        Linear,
        Transport {
            volume: Percent(
                50,
            ),
            speed: Speed(
                1.0,
            ),
            sleep: Some(
                SleepTimer {
                    preset_index: 2,
                    delay: 3600s,
                },
            ),
            ab_loop: None,
            output: Ready,
        },
        [],
    ),
    (
        Playback(
            CycleSleep,
        ),
        None,
        Stopped,
        None,
        Cursor {
            index: 0,
            len: 0,
        },
        Cursor {
            index: 0,
            len: 0,
        },
        [],
        Off,
        Linear,
        Transport {
            volume: Percent(
                50,
            ),
            speed: Speed(
                1.0,
            ),
            sleep: None,
            ab_loop: None,
            output: Ready,
        },
        [],
    ),
]
