---
source: crates/kernel/tests/table/router.rs
expression: "walked(model, messages)"
---
[
    (
        Overlay(
            Open(
                History,
            ),
        ),
        Batch(
            [
                Library(
                    LoadHistory {
                        limit: 200,
                    },
                ),
                Animate(
                    OverlayOpened,
                ),
            ],
        ),
        Stopped,
        Some(
            History(
                CursorOver {
                    cursor: Cursor {
                        index: 0,
                        len: 0,
                    },
                    rows: (),
                },
            ),
        ),
        Cursor {
            index: 0,
            len: 0,
        },
        Cursor {
            index: 0,
            len: 0,
        },
        [],
        Off,
        Linear,
        Transport {
            volume: Percent(
                50,
            ),
            speed: Speed(
                1.0,
            ),
            sleep: None,
            ab: None,
            preload_lead: 10s,
            output: Ready,
        },
        None,
    ),
    (
        Overlay(
            Close,
        ),
        One(
            Animate(
                OverlayClosed,
            ),
        ),
        Stopped,
        None,
        Cursor {
            index: 0,
            len: 0,
        },
        Cursor {
            index: 0,
            len: 0,
        },
        [],
        Off,
        Linear,
        Transport {
            volume: Percent(
                50,
            ),
            speed: Speed(
                1.0,
            ),
            sleep: None,
            ab: None,
            preload_lead: 10s,
            output: Ready,
        },
        None,
    ),
]
