---
source: crates/kernel/tests/table/router.rs
assertion_line: 368
expression: "walked(model, messages)"
---
[
    (
        Overlay(
            Open(
                JumpToTime,
            ),
        ),
        [
            Animate(
                OverlayOpened,
            ),
        ],
        Playing {
            track: Track {
                source: Local(
                    "/m/0.flac",
                ),
                tags: Tags {
                    title: None,
                    artist: None,
                    album: None,
                    album_artist: None,
                    date: None,
                    genre: None,
                    track_number: None,
                    track_total: None,
                    disc: None,
                    composer: None,
                    comment: None,
                    lyrics: None,
                },
                audio_format: AudioFormat {
                    format: None,
                    bitrate: None,
                    sample_rate: None,
                    bits_per_sample: None,
                    channels: None,
                    decibels: None,
                },
                display: "0.flac",
                tagging: Tagged(
                    100s,
                ),
            },
            playhead: Playhead {
                offset: 0ns,
                started_at: Moment(
                    0ns,
                ),
                speed: Speed(
                    1.0,
                ),
            },
            preloaded: None,
        },
        Some(
            JumpToTime(
                TextEntry {
                    input: "",
                    error: None,
                },
            ),
        ),
        Cursor {
            index: 0,
            len: 0,
        },
        Cursor {
            index: 0,
            len: 0,
        },
        [],
        Off,
        Linear,
        Transport {
            volume: Percent(
                50,
            ),
            speed: Speed(
                1.0,
            ),
            sleep_timer: None,
            ab_loop: None,
            output_status: Ready,
            buffering_revision: None,
        },
        [],
    ),
    (
        Overlay(
            Text(
                Char(
                    '1',
                ),
            ),
        ),
        [],
        Playing {
            track: Track {
                source: Local(
                    "/m/0.flac",
                ),
                tags: Tags {
                    title: None,
                    artist: None,
                    album: None,
                    album_artist: None,
                    date: None,
                    genre: None,
                    track_number: None,
                    track_total: None,
                    disc: None,
                    composer: None,
                    comment: None,
                    lyrics: None,
                },
                audio_format: AudioFormat {
                    format: None,
                    bitrate: None,
                    sample_rate: None,
                    bits_per_sample: None,
                    channels: None,
                    decibels: None,
                },
                display: "0.flac",
                tagging: Tagged(
                    100s,
                ),
            },
            playhead: Playhead {
                offset: 0ns,
                started_at: Moment(
                    0ns,
                ),
                speed: Speed(
                    1.0,
                ),
            },
            preloaded: None,
        },
        Some(
            JumpToTime(
                TextEntry {
                    input: "1",
                    error: None,
                },
            ),
        ),
        Cursor {
            index: 0,
            len: 0,
        },
        Cursor {
            index: 0,
            len: 0,
        },
        [],
        Off,
        Linear,
        Transport {
            volume: Percent(
                50,
            ),
            speed: Speed(
                1.0,
            ),
            sleep_timer: None,
            ab_loop: None,
            output_status: Ready,
            buffering_revision: None,
        },
        [],
    ),
    (
        Overlay(
            Text(
                Char(
                    '0',
                ),
            ),
        ),
        [],
        Playing {
            track: Track {
                source: Local(
                    "/m/0.flac",
                ),
                tags: Tags {
                    title: None,
                    artist: None,
                    album: None,
                    album_artist: None,
                    date: None,
                    genre: None,
                    track_number: None,
                    track_total: None,
                    disc: None,
                    composer: None,
                    comment: None,
                    lyrics: None,
                },
                audio_format: AudioFormat {
                    format: None,
                    bitrate: None,
                    sample_rate: None,
                    bits_per_sample: None,
                    channels: None,
                    decibels: None,
                },
                display: "0.flac",
                tagging: Tagged(
                    100s,
                ),
            },
            playhead: Playhead {
                offset: 0ns,
                started_at: Moment(
                    0ns,
                ),
                speed: Speed(
                    1.0,
                ),
            },
            preloaded: None,
        },
        Some(
            JumpToTime(
                TextEntry {
                    input: "10",
                    error: None,
                },
            ),
        ),
        Cursor {
            index: 0,
            len: 0,
        },
        Cursor {
            index: 0,
            len: 0,
        },
        [],
        Off,
        Linear,
        Transport {
            volume: Percent(
                50,
            ),
            speed: Speed(
                1.0,
            ),
            sleep_timer: None,
            ab_loop: None,
            output_status: Ready,
            buffering_revision: None,
        },
        [],
    ),
    (
        Overlay(
            Text(
                Char(
                    ':',
                ),
            ),
        ),
        [],
        Playing {
            track: Track {
                source: Local(
                    "/m/0.flac",
                ),
                tags: Tags {
                    title: None,
                    artist: None,
                    album: None,
                    album_artist: None,
                    date: None,
                    genre: None,
                    track_number: None,
                    track_total: None,
                    disc: None,
                    composer: None,
                    comment: None,
                    lyrics: None,
                },
                audio_format: AudioFormat {
                    format: None,
                    bitrate: None,
                    sample_rate: None,
                    bits_per_sample: None,
                    channels: None,
                    decibels: None,
                },
                display: "0.flac",
                tagging: Tagged(
                    100s,
                ),
            },
            playhead: Playhead {
                offset: 0ns,
                started_at: Moment(
                    0ns,
                ),
                speed: Speed(
                    1.0,
                ),
            },
            preloaded: None,
        },
        Some(
            JumpToTime(
                TextEntry {
                    input: "10:",
                    error: None,
                },
            ),
        ),
        Cursor {
            index: 0,
            len: 0,
        },
        Cursor {
            index: 0,
            len: 0,
        },
        [],
        Off,
        Linear,
        Transport {
            volume: Percent(
                50,
            ),
            speed: Speed(
                1.0,
            ),
            sleep_timer: None,
            ab_loop: None,
            output_status: Ready,
            buffering_revision: None,
        },
        [],
    ),
    (
        Overlay(
            Text(
                Char(
                    '0',
                ),
            ),
        ),
        [],
        Playing {
            track: Track {
                source: Local(
                    "/m/0.flac",
                ),
                tags: Tags {
                    title: None,
                    artist: None,
                    album: None,
                    album_artist: None,
                    date: None,
                    genre: None,
                    track_number: None,
                    track_total: None,
                    disc: None,
                    composer: None,
                    comment: None,
                    lyrics: None,
                },
                audio_format: AudioFormat {
                    format: None,
                    bitrate: None,
                    sample_rate: None,
                    bits_per_sample: None,
                    channels: None,
                    decibels: None,
                },
                display: "0.flac",
                tagging: Tagged(
                    100s,
                ),
            },
            playhead: Playhead {
                offset: 0ns,
                started_at: Moment(
                    0ns,
                ),
                speed: Speed(
                    1.0,
                ),
            },
            preloaded: None,
        },
        Some(
            JumpToTime(
                TextEntry {
                    input: "10:0",
                    error: None,
                },
            ),
        ),
        Cursor {
            index: 0,
            len: 0,
        },
        Cursor {
            index: 0,
            len: 0,
        },
        [],
        Off,
        Linear,
        Transport {
            volume: Percent(
                50,
            ),
            speed: Speed(
                1.0,
            ),
            sleep_timer: None,
            ab_loop: None,
            output_status: Ready,
            buffering_revision: None,
        },
        [],
    ),
    (
        Overlay(
            Text(
                Char(
                    '0',
                ),
            ),
        ),
        [],
        Playing {
            track: Track {
                source: Local(
                    "/m/0.flac",
                ),
                tags: Tags {
                    title: None,
                    artist: None,
                    album: None,
                    album_artist: None,
                    date: None,
                    genre: None,
                    track_number: None,
                    track_total: None,
                    disc: None,
                    composer: None,
                    comment: None,
                    lyrics: None,
                },
                audio_format: AudioFormat {
                    format: None,
                    bitrate: None,
                    sample_rate: None,
                    bits_per_sample: None,
                    channels: None,
                    decibels: None,
                },
                display: "0.flac",
                tagging: Tagged(
                    100s,
                ),
            },
            playhead: Playhead {
                offset: 0ns,
                started_at: Moment(
                    0ns,
                ),
                speed: Speed(
                    1.0,
                ),
            },
            preloaded: None,
        },
        Some(
            JumpToTime(
                TextEntry {
                    input: "10:00",
                    error: None,
                },
            ),
        ),
        Cursor {
            index: 0,
            len: 0,
        },
        Cursor {
            index: 0,
            len: 0,
        },
        [],
        Off,
        Linear,
        Transport {
            volume: Percent(
                50,
            ),
            speed: Speed(
                1.0,
            ),
            sleep_timer: None,
            ab_loop: None,
            output_status: Ready,
            buffering_revision: None,
        },
        [],
    ),
    (
        Overlay(
            Confirm,
        ),
        [
            Animate(
                OverlayClosed,
            ),
            Audio(
                Seek(
                    100s,
                ),
            ),
            Macos(
                SetPosition(
                    100s,
                ),
            ),
        ],
        Playing {
            track: Track {
                source: Local(
                    "/m/0.flac",
                ),
                tags: Tags {
                    title: None,
                    artist: None,
                    album: None,
                    album_artist: None,
                    date: None,
                    genre: None,
                    track_number: None,
                    track_total: None,
                    disc: None,
                    composer: None,
                    comment: None,
                    lyrics: None,
                },
                audio_format: AudioFormat {
                    format: None,
                    bitrate: None,
                    sample_rate: None,
                    bits_per_sample: None,
                    channels: None,
                    decibels: None,
                },
                display: "0.flac",
                tagging: Tagged(
                    100s,
                ),
            },
            playhead: Playhead {
                offset: 100s,
                started_at: Moment(
                    0ns,
                ),
                speed: Speed(
                    1.0,
                ),
            },
            preloaded: None,
        },
        None,
        Cursor {
            index: 0,
            len: 0,
        },
        Cursor {
            index: 0,
            len: 0,
        },
        [],
        Off,
        Linear,
        Transport {
            volume: Percent(
                50,
            ),
            speed: Speed(
                1.0,
            ),
            sleep_timer: None,
            ab_loop: None,
            output_status: Ready,
            buffering_revision: None,
        },
        [],
    ),
]
