---
source: crates/kernel/tests/table/router.rs
expression: "walked(model, messages)"
---
[
    (
        Audio(
            Position(
                95s,
            ),
        ),
        Batch(
            [
                Audio(
                    Preload {
                        path: "/tmp/track1.flac",
                        gain: None,
                        revision: Revision(
                            1,
                        ),
                    },
                ),
                Library(
                    PrefetchCover(
                        "/tmp/track1.flac",
                    ),
                ),
            ],
        ),
        Playing {
            track: Track {
                path: "/tmp/track0.flac",
                duration: Some(
                    100s,
                ),
                tags: Tags {
                    title: None,
                    artist: None,
                    album: None,
                    album_artist: None,
                    date: None,
                    genre: None,
                    track: None,
                    track_total: None,
                    disc: None,
                    composer: None,
                    comment: None,
                    lyrics: None,
                },
                audio_format: AudioFormat {
                    format: None,
                    bitrate_kbps: None,
                    sample_rate_hz: None,
                    bits_per_sample: None,
                    channels: None,
                    replay_gain: None,
                },
                display: "track0.flac",
                tagging: Read,
            },
            at: 95s,
            preload: Queued(
                Track {
                    path: "/tmp/track1.flac",
                    duration: Some(
                        100s,
                    ),
                    tags: Tags {
                        title: None,
                        artist: None,
                        album: None,
                        album_artist: None,
                        date: None,
                        genre: None,
                        track: None,
                        track_total: None,
                        disc: None,
                        composer: None,
                        comment: None,
                        lyrics: None,
                    },
                    audio_format: AudioFormat {
                        format: None,
                        bitrate_kbps: None,
                        sample_rate_hz: None,
                        bits_per_sample: None,
                        channels: None,
                        replay_gain: None,
                    },
                    display: "track1.flac",
                    tagging: Read,
                },
            ),
        },
        None,
        Cursor {
            index: 0,
            len: 0,
        },
        Cursor {
            index: 0,
            len: 3,
        },
        [],
        Off,
        Linear,
        Transport {
            volume: Percent(
                50,
            ),
            speed: Speed(
                1.0,
            ),
            sleep: None,
            ab: None,
            preload_lead: 10s,
            output: Ready,
        },
        None,
    ),
    (
        Audio(
            TrackChanged,
        ),
        Batch(
            [
                Library(
                    AppendHistory {
                        track: Track {
                            path: "/tmp/track1.flac",
                            duration: Some(
                                100s,
                            ),
                            tags: Tags {
                                title: None,
                                artist: None,
                                album: None,
                                album_artist: None,
                                date: None,
                                genre: None,
                                track: None,
                                track_total: None,
                                disc: None,
                                composer: None,
                                comment: None,
                                lyrics: None,
                            },
                            audio_format: AudioFormat {
                                format: None,
                                bitrate_kbps: None,
                                sample_rate_hz: None,
                                bits_per_sample: None,
                                channels: None,
                                replay_gain: None,
                            },
                            display: "track1.flac",
                            tagging: Read,
                        },
                        revision: Revision(
                            2,
                        ),
                    },
                ),
                System(
                    NowPlaying(
                        Track {
                            title: "track1",
                            artist: None,
                            album: None,
                            duration: 100s,
                            path: "/tmp/track1.flac",
                        },
                    ),
                ),
                Audio(
                    Pause(
                        Playing,
                    ),
                ),
                System(
                    PlaybackState(
                        Playing,
                    ),
                ),
                Animate(
                    TrackChanged,
                ),
                Animate(
                    PlaybackChanged(
                        Play,
                    ),
                ),
            ],
        ),
        Playing {
            track: Track {
                path: "/tmp/track1.flac",
                duration: Some(
                    100s,
                ),
                tags: Tags {
                    title: None,
                    artist: None,
                    album: None,
                    album_artist: None,
                    date: None,
                    genre: None,
                    track: None,
                    track_total: None,
                    disc: None,
                    composer: None,
                    comment: None,
                    lyrics: None,
                },
                audio_format: AudioFormat {
                    format: None,
                    bitrate_kbps: None,
                    sample_rate_hz: None,
                    bits_per_sample: None,
                    channels: None,
                    replay_gain: None,
                },
                display: "track1.flac",
                tagging: Read,
            },
            at: 0ns,
            preload: None,
        },
        None,
        Cursor {
            index: 1,
            len: 3,
        },
        Cursor {
            index: 1,
            len: 3,
        },
        [],
        Off,
        Linear,
        Transport {
            volume: Percent(
                50,
            ),
            speed: Speed(
                1.0,
            ),
            sleep: None,
            ab: None,
            preload_lead: 10s,
            output: Ready,
        },
        None,
    ),
    (
        Audio(
            Position(
                95s,
            ),
        ),
        Batch(
            [
                Audio(
                    Preload {
                        path: "/tmp/track2.flac",
                        gain: None,
                        revision: Revision(
                            3,
                        ),
                    },
                ),
                Library(
                    PrefetchCover(
                        "/tmp/track2.flac",
                    ),
                ),
            ],
        ),
        Playing {
            track: Track {
                path: "/tmp/track1.flac",
                duration: Some(
                    100s,
                ),
                tags: Tags {
                    title: None,
                    artist: None,
                    album: None,
                    album_artist: None,
                    date: None,
                    genre: None,
                    track: None,
                    track_total: None,
                    disc: None,
                    composer: None,
                    comment: None,
                    lyrics: None,
                },
                audio_format: AudioFormat {
                    format: None,
                    bitrate_kbps: None,
                    sample_rate_hz: None,
                    bits_per_sample: None,
                    channels: None,
                    replay_gain: None,
                },
                display: "track1.flac",
                tagging: Read,
            },
            at: 95s,
            preload: Queued(
                Track {
                    path: "/tmp/track2.flac",
                    duration: Some(
                        100s,
                    ),
                    tags: Tags {
                        title: None,
                        artist: None,
                        album: None,
                        album_artist: None,
                        date: None,
                        genre: None,
                        track: None,
                        track_total: None,
                        disc: None,
                        composer: None,
                        comment: None,
                        lyrics: None,
                    },
                    audio_format: AudioFormat {
                        format: None,
                        bitrate_kbps: None,
                        sample_rate_hz: None,
                        bits_per_sample: None,
                        channels: None,
                        replay_gain: None,
                    },
                    display: "track2.flac",
                    tagging: Read,
                },
            ),
        },
        None,
        Cursor {
            index: 1,
            len: 3,
        },
        Cursor {
            index: 1,
            len: 3,
        },
        [],
        Off,
        Linear,
        Transport {
            volume: Percent(
                50,
            ),
            speed: Speed(
                1.0,
            ),
            sleep: None,
            ab: None,
            preload_lead: 10s,
            output: Ready,
        },
        None,
    ),
]
