---
source: crates/kernel/tests/table/router.rs
expression: "walked(model, messages)"
---
[
    (
        Overlay(
            Open(
                TrackInfo,
            ),
        ),
        One(
            Animate(
                OverlayOpened,
            ),
        ),
        Stopped,
        Some(
            TrackInfo(
                Track {
                    path: "/m/1.flac",
                    duration: Some(
                        100s,
                    ),
                    tags: Tags {
                        title: Some(
                            "Sun Song",
                        ),
                        artist: Some(
                            "Someone",
                        ),
                        album: None,
                        album_artist: None,
                        date: None,
                        genre: None,
                        track: None,
                        track_total: None,
                        disc: None,
                        composer: None,
                        comment: None,
                        lyrics: None,
                    },
                    audio_format: AudioFormat {
                        format: None,
                        bitrate_kbps: None,
                        sample_rate_hz: None,
                        bits_per_sample: None,
                        channels: None,
                        replay_gain: None,
                    },
                    display: "Someone — Sun Song",
                    tagging: Read,
                },
            ),
        ),
        Cursor {
            index: 1,
            len: 3,
        },
        Cursor {
            index: 0,
            len: 3,
        },
        [],
        Off,
        Linear,
        Transport {
            volume: Percent(
                50,
            ),
            speed: Speed(
                1.0,
            ),
            sleep: None,
            ab: None,
            preload_lead: 10s,
            output: Ready,
        },
        None,
    ),
    (
        Overlay(
            Close,
        ),
        One(
            Animate(
                OverlayClosed,
            ),
        ),
        Stopped,
        None,
        Cursor {
            index: 1,
            len: 3,
        },
        Cursor {
            index: 0,
            len: 3,
        },
        [],
        Off,
        Linear,
        Transport {
            volume: Percent(
                50,
            ),
            speed: Speed(
                1.0,
            ),
            sleep: None,
            ab: None,
            preload_lead: 10s,
            output: Ready,
        },
        None,
    ),
]
