---
source: crates/kernel/tests/table/router.rs
assertion_line: 414
expression: "walked(model, messages)"
---
[
    (
        Overlay(
            History(
                Enqueue,
            ),
        ),
        One(
            Animate(
                QueueChanged,
            ),
        ),
        Stopped,
        Some(
            History(
                CursorOver {
                    cursor: Cursor {
                        index: 1,
                        len: 2,
                    },
                    content: (),
                },
            ),
        ),
        Cursor {
            index: 0,
            len: 2,
        },
        Cursor {
            index: 0,
            len: 0,
        },
        [
            Index(1),
        ],
        Off,
        Linear,
        Transport {
            volume: Percent(
                50,
            ),
            speed: Speed(
                1.0,
            ),
            sleep: None,
            ab: None,
            output: Ready,
        },
        None,
    ),
]
