---
source: crates/sifr/src/shell/presentation.rs
expression: colors
---
Colors {
    background: Rgb(
        [
            250,
            249,
            245,
        ],
    ),
    window_background: Rgb(
        [
            240,
            239,
            235,
        ],
    ),
    text: Rgb(
        [
            20,
            20,
            19,
        ],
    ),
    accent: Rgb(
        [
            217,
            119,
            87,
        ],
    ),
    accent2: Rgb(
        [
            184,
            134,
            43,
        ],
    ),
    selection_foreground: Rgb(
        [
            20,
            20,
            19,
        ],
    ),
    selection_background: Rgb(
        [
            182,
            181,
            178,
        ],
    ),
    highlight: Rgb(
        [
            130,
            71,
            52,
        ],
    ),
    muted_foreground: Rgb(
        [
            94,
            93,
            89,
        ],
    ),
    bar_groove: Rgb(
        [
            178,
            177,
            174,
        ],
    ),
    spectrum: [
        Rgb(
            [
                63,
                122,
                63,
            ],
        ),
        Rgb(
            [
                184,
                134,
                43,
            ],
        ),
        Rgb(
            [
                176,
                67,
                44,
            ],
        ),
    ],
}
