---
source: crates/sifr/src/shell/view.rs
assertion_line: 155
expression: layout
---
FrameLayout {
    screen: Rect {
        x: 0,
        y: 0,
        width: 80,
        height: 24,
    },
    breakpoint: Full,
    content: Rect {
        x: 1,
        y: 1,
        width: 78,
        height: 22,
    },
    header: Rect {
        x: 1,
        y: 1,
        width: 78,
        height: 12,
    },
    card: Some(
        CardMetrics {
            cover_square: Rect {
                x: 4,
                y: 3,
                width: 0,
                height: 0,
            },
            content_column: Rect {
                x: 4,
                y: 3,
                width: 71,
                height: 8,
            },
            row_width: Cells(
                71,
            ),
            status_row: Rect {
                x: 64,
                y: 3,
                width: 11,
                height: 1,
            },
            title_row: Rect {
                x: 4,
                y: 3,
                width: 60,
                height: 1,
            },
            artist_row: Rect {
                x: 4,
                y: 4,
                width: 71,
                height: 1,
            },
            time_row: Rect {
                x: 4,
                y: 5,
                width: 71,
                height: 1,
            },
            progress_row: Rect {
                x: 4,
                y: 7,
                width: 71,
                height: 1,
            },
            spectrum_row: Rect {
                x: 4,
                y: 8,
                width: 45,
                height: 3,
            },
            volume_row: Rect {
                x: 51,
                y: 10,
                width: 24,
                height: 1,
            },
        },
    ),
    cover: None,
    playlist_pane: Rect {
        x: 1,
        y: 13,
        width: 78,
        height: 9,
    },
    playlist: Some(
        PlaylistAreas {
            pane: Rect {
                x: 1,
                y: 13,
                width: 78,
                height: 9,
            },
            body: Rect {
                x: 3,
                y: 14,
                width: 73,
                height: 7,
            },
            rows: Rect {
                x: 2,
                y: 14,
                width: 75,
                height: 7,
            },
            scrollbar: Rect {
                x: 77,
                y: 14,
                width: 1,
                height: 7,
            },
            selected: None,
        },
    ),
    key_hints: Some(
        Rect {
            x: 1,
            y: 22,
            width: 78,
            height: 1,
        },
    ),
    search_bounds: Rect {
        x: 1,
        y: 13,
        width: 78,
        height: 9,
    },
    overlay: None,
    toast: None,
}
