---
source: crates/widgets/src/overlay/modal/frame.rs
expression: frame
---
ModalAreas {
    outer: Rect {
        x: 1,
        y: 1,
        width: 78,
        height: 22,
    },
    body: Rect {
        x: 3,
        y: 2,
        width: 74,
        height: 19,
    },
    hint_row: Rect {
        x: 3,
        y: 21,
        width: 74,
        height: 1,
    },
}
