---
source: crates/widgets/src/overlay/modal/frame.rs
expression: frame
---
ModalAreas {
    outer: Rect {
        x: 28,
        y: 9,
        width: 24,
        height: 7,
    },
    body: Rect {
        x: 30,
        y: 10,
        width: 20,
        height: 5,
    },
    hint_row: Rect {
        x: 30,
        y: 15,
        width: 20,
        height: 0,
    },
    painted: Rect {
        x: 28,
        y: 9,
        width: 24,
        height: 7,
    },
}
