---
source: crates/widgets/src/overlay/help/mod.rs
expression: "painted(width, height)"
---
"                                                  "
" ╭ KEYS ────────────────────────────────────────╮ "
" │ Playback                                     │ "
" │                  Space  Play / pause         │ "
" │                      n  Next track           │ "
" │                      p  Previous track       │ "
" │                      h  Seek back 10s        │ "
" │                      l  Seek forward 10s     │ "
" │                      ←  Seek back 5s         │ "
" │                      →  Seek forward 5s      │ "
" │                Shift+←  Seek back 30s        │ "
" │                Shift+→  Seek forward 30s     │ "
" │                  + / =  Volume up            │ "
" │ ↓ more                                       │ "
" ╰──────────────────────────────────────────────╯ "
"                                                  "
