---
source: crates/widgets/src/scene.rs
expression: text
---
"┏ home · Albums: newest · 1 / 2 · /kind ━━━━━━━━━━━━━━━━━━━━━━━━━━━━━━━━━━━━━━━┓"
"┃    Miles Davis — Kind of Blue                        1959 · 5 tracks · 45:44 ┃"
"┃                                                                              ┃"
"┃                                                                              ┃"
"┃                                                                              ┃"
"┃                                                                              ┃"
"┃                                                                              ┃"
"┗━━━━━━━━━━━━━━━━━━━━━━━━━━━━━━━━━━━━━━━━━━━━━━━━━━━━━━━━━━━━━━━━━━━━━━━━━━━━━━┛"
