---
source: crates/widgets/src/toast.rs
assertion_line: 343
expression: "painted(&toasts, (60, 20))"
---
"                                                            "
"                 ╭────────────────────────────────────────╮ "
"                 │ ✓ Saved                                │ "
"                 │ The playlist was written.              │ "
"                 ╰────────────────────────────────────────╯ "
"                                                            "
"                 ╭────────────────────────────────────────╮ "
"                 │ ✗ Scan failed                          │ "
"                 ╰────────────────────────────────────────╯ "
"                                                            "
"                 ╭────────────────────────────────────────╮ "
"                 │ i Hello                                │ "
"                 ╰────────────────────────────────────────╯ "
"                                                            "
"                                                            "
"                                                            "
"                                                            "
"                                                            "
"                                                            "
"                                                            "
