---
source: crates/audio/src/engine/machine.rs
assertion_line: 682
expression: wiring.log
---
[
    Cmd {
        effects: [
            Clear(
                Speed(
                    1.0,
                ),
            ),
        ],
        messages: [],
    },
    Cmd {
        effects: [
            StartLoad {
                path: "/tmp/track0.flac",
                speed: Speed(
                    1.0,
                ),
            },
        ],
        messages: [],
    },
    Cmd {
        effects: [
            Play,
            Report,
        ],
        messages: [],
    },
    Cmd {
        effects: [
            Start(
                Gain(
                    1.0,
                ),
            ),
            Report,
        ],
        messages: [
            Loaded(
                Some(
                    100s,
                ),
            ),
        ],
    },
    Cmd {
        effects: [
            Clear(
                Speed(
                    1.0,
                ),
            ),
        ],
        messages: [],
    },
    Cmd {
        effects: [
            StartLoad {
                path: "/tmp/track1.flac",
                speed: Speed(
                    1.0,
                ),
            },
        ],
        messages: [],
    },
    Cmd {
        effects: [
            Play,
            Report,
        ],
        messages: [],
    },
    Cmd {
        effects: [
            Start(
                Gain(
                    1.0,
                ),
            ),
            Report,
        ],
        messages: [
            Loaded(
                Some(
                    100s,
                ),
            ),
        ],
    },
    Cmd {
        effects: [
            Clear(
                Speed(
                    1.0,
                ),
            ),
        ],
        messages: [],
    },
    Cmd {
        effects: [
            StartLoad {
                path: "/tmp/track2.flac",
                speed: Speed(
                    1.0,
                ),
            },
        ],
        messages: [],
    },
    Cmd {
        effects: [
            Play,
            Report,
        ],
        messages: [],
    },
    Cmd {
        effects: [
            Start(
                Gain(
                    1.0,
                ),
            ),
            Report,
        ],
        messages: [
            Loaded(
                Some(
                    100s,
                ),
            ),
        ],
    },
    Cmd {
        effects: [],
        messages: [],
    },
    Cmd {
        effects: [],
        messages: [],
    },
]
