---
source: crates/audio/src/engine/machine.rs
assertion_line: 647
expression: wiring.log
---
[
    Ok(
        Cmd {
            effects: [
                Execute(
                    StartLoad(
                        Speed(
                            1.0,
                        ),
                    ),
                ),
            ],
            messages: [],
        },
    ),
    Ok(
        Cmd {
            effects: [
                Execute(
                    StartLoad(
                        Speed(
                            1.0,
                        ),
                    ),
                ),
                Run(
                    Decode {
                        media_path: "/tmp/track0.flac",
                        download: None,
                        revision: Revision(
                            2,
                        ),
                    },
                ),
            ],
            messages: [],
        },
    ),
    Ok(
        Cmd {
            effects: [
                Execute(
                    Play,
                ),
                Execute(
                    Report,
                ),
            ],
            messages: [],
        },
    ),
    Ok(
        Cmd {
            effects: [
                Execute(
                    Start(
                        Gain(
                            1.0,
                        ),
                    ),
                ),
                Execute(
                    Report,
                ),
            ],
            messages: [
                Loaded(
                    Some(
                        100s,
                    ),
                ),
            ],
        },
    ),
    Ok(
        Cmd {
            effects: [
                Execute(
                    StartLoad(
                        Speed(
                            1.0,
                        ),
                    ),
                ),
            ],
            messages: [],
        },
    ),
    Ok(
        Cmd {
            effects: [
                Execute(
                    StartLoad(
                        Speed(
                            1.0,
                        ),
                    ),
                ),
                Run(
                    Decode {
                        media_path: "/tmp/track2.flac",
                        download: None,
                        revision: Revision(
                            2,
                        ),
                    },
                ),
            ],
            messages: [],
        },
    ),
    Ok(
        Cmd {
            effects: [
                Execute(
                    Play,
                ),
                Execute(
                    Report,
                ),
            ],
            messages: [],
        },
    ),
    Ok(
        Cmd {
            effects: [
                Execute(
                    Start(
                        Gain(
                            1.0,
                        ),
                    ),
                ),
                Execute(
                    Report,
                ),
            ],
            messages: [
                Loaded(
                    Some(
                        100s,
                    ),
                ),
            ],
        },
    ),
    Err(
        Unhandled,
    ),
]
