---
source: crates/audio/src/engine/muted.rs
assertion_line: 450
expression: log
---
[
    Open {
        device: SystemDefault,
        speed: Speed(
            1.0,
        ),
    },
    StartLoad {
        path: "/a",
        speed: Speed(
            1.0,
        ),
    },
    Batch(
        [
            Start {
                volume: 1.0,
                total: Some(
                    100s,
                ),
            },
            Report,
        ],
    ),
]
