---
source: crates/audio/src/engine/closed.rs
assertion_line: 370
expression: log
---
[
    Cmd {
        effects: [
            Open {
                device: SystemDefault,
                speed: Speed(
                    1.0,
                ),
            },
        ],
        messages: [],
    },
    Cmd {
        effects: [
            StartLoad {
                path: "/a",
                speed: Speed(
                    1.0,
                ),
            },
        ],
        messages: [],
    },
    Cmd {
        effects: [
            Start(
                Gain(
                    1.0,
                ),
            ),
            Report,
        ],
        messages: [
            Loaded(
                Some(
                    100s,
                ),
            ),
        ],
    },
]
