---
source: crates/audio/src/engine/closed.rs
assertion_line: 370
expression: log
---
[
    Cmd {
        effects: [
            Execute(
                Open {
                    device: SystemDefault,
                    speed: Speed(
                        1.0,
                    ),
                },
            ),
        ],
        messages: [],
    },
    Cmd {
        effects: [
            Execute(
                StartLoad(
                    Speed(
                        1.0,
                    ),
                ),
            ),
            Run(
                Decode {
                    path: "/a",
                    revision: Revision(
                        2,
                    ),
                },
            ),
        ],
        messages: [],
    },
    Cmd {
        effects: [
            Execute(
                Start(
                    Gain(
                        1.0,
                    ),
                ),
            ),
            Execute(
                Report,
            ),
        ],
        messages: [
            Loaded(
                Some(
                    100s,
                ),
            ),
        ],
    },
]
