---
source: crates/audio/src/engine/machine.rs
assertion_line: 302
expression: wiring.log
---
[
    Clear,
    StartLoad {
        path: "/tmp/track0.flac",
        speed: Speed(
            1.0,
        ),
    },
    Batch(
        [
            Play,
            Report,
        ],
    ),
    Clear,
    StartLoad {
        path: "/tmp/track2.flac",
        speed: Speed(
            1.0,
        ),
    },
    Batch(
        [
            Play,
            Report,
        ],
    ),
    Batch(
        [
            Start {
                volume: 1.0,
                total: Some(
                    100s,
                ),
            },
            Report,
        ],
    ),
    Nothing,
]
