---
source: crates/audio/src/engine/machine.rs
assertion_line: 663
expression: wiring.log
---
[
    Ok(
        Cmd {
            effects: [
                Clear(
                    Speed(
                        1.0,
                    ),
                ),
            ],
            messages: [],
        },
    ),
    Ok(
        Cmd {
            effects: [
                StartLoad {
                    path: "/tmp/track0.flac",
                    speed: Speed(
                        1.0,
                    ),
                },
            ],
            messages: [],
        },
    ),
    Ok(
        Cmd {
            effects: [
                Play,
                Report,
            ],
            messages: [],
        },
    ),
    Ok(
        Cmd {
            effects: [
                Clear(
                    Speed(
                        1.0,
                    ),
                ),
            ],
            messages: [],
        },
    ),
    Ok(
        Cmd {
            effects: [
                StartLoad {
                    path: "/tmp/track2.flac",
                    speed: Speed(
                        1.0,
                    ),
                },
            ],
            messages: [],
        },
    ),
    Ok(
        Cmd {
            effects: [
                Play,
                Report,
            ],
            messages: [],
        },
    ),
    Ok(
        Cmd {
            effects: [
                Start(
                    Gain(
                        1.0,
                    ),
                ),
                Report,
            ],
            messages: [
                Loaded(
                    Some(
                        100s,
                    ),
                ),
            ],
        },
    ),
    Err(
        Unhandled,
    ),
]
