---
source: crates/audio/src/engine/machine.rs
expression: wiring.log
---
[
    Clear,
    StartLoad {
        path: "/tmp/track0.flac",
        speed: Speed(
            1.0,
        ),
    },
    SetVolume(
        0.5,
    ),
    Many(
        [
            Play,
            Report,
        ],
    ),
    Clear,
    StartLoad {
        path: "/tmp/track2.flac",
        speed: Speed(
            1.0,
        ),
    },
    SetVolume(
        0.5,
    ),
    Many(
        [
            Play,
            Report,
        ],
    ),
    Many(
        [
            Start {
                volume: 0.5,
                total: Some(
                    100s,
                ),
            },
            Report,
        ],
    ),
    Nothing,
]
