---
source: crates/audio/src/engine/live/track.rs
expression: log
---
[
    Cmd {
        effects: [
            Run(
                Preload {
                    path: "/b",
                    revision: Revision(
                        1,
                    ),
                },
            ),
        ],
        messages: [],
    },
    Cmd {
        effects: [
            Execute(
                SetFadeStart(
                    Some(
                        90s,
                    ),
                ),
            ),
        ],
        messages: [],
    },
]
