---
source: crates/audio/src/engine/live/track.rs
assertion_line: 160
expression: log
---
[
    Cmd {
        effects: [
            Run(
                Preload {
                    media_path: "/b",
                    download: None,
                    revision: Revision(
                        1,
                    ),
                },
            ),
        ],
        messages: [],
    },
    Cmd {
        effects: [
            Execute(
                Pause,
            ),
            Execute(
                Report,
            ),
        ],
        messages: [],
    },
]
