---
source: crates/audio/src/engine/live/track.rs
expression: log
---
[
    Cmd {
        effects: [
            Preload(
                Crossfade {
                    track: CurrentTrack {
                        total: None,
                        gain: None,
                        path: "/b",
                    },
                    speed: Speed(
                        1.0,
                    ),
                },
            ),
        ],
        messages: [],
    },
    Cmd {
        effects: [
            Clear(
                Speed(
                    1.0,
                ),
            ),
        ],
        messages: [],
    },
]
