---
source: crates/audio/src/engine/live/track.rs
expression: log
---
[
    Cmd {
        effects: [
            Preload {
                path: "/b",
                mode: Crossfade {
                    gain: None,
                    speed: Speed(
                        1.0,
                    ),
                },
            },
        ],
        messages: [],
    },
    Cmd {
        effects: [
            Clear(
                Speed(
                    1.0,
                ),
            ),
        ],
        messages: [],
    },
]
