---
source: crates/audio/src/engine/live/track.rs
assertion_line: 207
expression: log
---
[
    Cmd {
        effects: [
            Run(
                Preload {
                    media_path: "/b",
                    download: None,
                    revision: Revision(
                        1,
                    ),
                },
            ),
        ],
        messages: [],
    },
    Cmd {
        effects: [],
        messages: [],
    },
    Cmd {
        effects: [
            Execute(
                Advance(
                    Gain(
                        1.0,
                    ),
                ),
            ),
            Execute(
                Report,
            ),
        ],
        messages: [
            TrackChanged,
        ],
    },
]
