---
source: crates/audio/src/engine/live/track.rs
assertion_line: 207
expression: log
---
[
    Cmd {
        effects: [
            Preload(
                Gapless(
                    "/b",
                ),
            ),
        ],
        messages: [],
    },
    Cmd {
        effects: [],
        messages: [],
    },
    Cmd {
        effects: [
            Advance(
                Gain(
                    1.0,
                ),
            ),
            Report,
        ],
        messages: [
            TrackChanged,
        ],
    },
]
