---
source: crates/audio/src/engine/live/track.rs
assertion_line: 207
expression: log
---
[
    Cmd {
        effects: [
            Preload {
                path: "/b",
                mode: Gapless,
            },
        ],
        messages: [],
    },
    Cmd {
        effects: [],
        messages: [],
    },
    Cmd {
        effects: [
            Advance,
            Report,
        ],
        messages: [
            TrackChanged,
        ],
    },
]
