---
source: crates/widgets/src/overlay/search/mod.rs
assertion_line: 399
expression: "rendered(80, 28, |frame|\nframe.render_widget(&overlay, frame.area())).to_string()"
---
"╭ SEARCH ──────────────────────────────────────────────────────────────────────╮"
"│ / a    2 matches of 2 total                                                  │"
"│   Alpha                                                                      │"
"│ > Beta                                                                       │"
"╰──────────────────────────────────────────────────────────────────────────────╯"
"                                                                                "
"                                                                                "
"                                                                                "
"                                                                                "
"                                                                                "
"                                                                                "
"                                                                                "
"                                                                                "
"                                                                                "
"                                                                                "
"                                                                                "
"                                                                                "
"                                                                                "
"                                                                                "
"                                                                                "
"                                                                                "
"                                                                                "
"                                                                                "
"                                                                                "
"                                                                                "
"                                                                                "
"                                                                                "
"                                                                                "
