---
source: crates/widgets/src/overlay/search/mod.rs
assertion_line: 419
expression: "painted(&overlay, 80, 28)"
---
"╭ SEARCH ──────────────────────────────────────────────────────────────────────╮"
"│ / a_   1 match of 2 total                                                    │"
"│ > Alpha                                                                      │"
"╰──────────────────────────────────────────────────────────────────────────────╯"
"                                                                                "
"                                                                                "
"                                                                                "
"                                                                                "
"                                                                                "
"                                                                                "
"                                                                                "
"                                                                                "
"                                                                                "
"                                                                                "
"                                                                                "
"                                                                                "
"                                                                                "
"                                                                                "
"                                                                                "
"                                                                                "
"                                                                                "
"                                                                                "
"                                                                                "
"                                                                                "
"                                                                                "
"                                                                                "
"                                                                                "
"                                                                                "
