---
source: crates/widgets/src/overlay/search/mod.rs
assertion_line: 396
expression: "painted(&overlay, 80, 28)"
---
"┏ SEARCH ── 7 of 1961 ━━━━━━━━━━━━━━━━━━━━━━━━━━━━━━━━━━━━━━━━━━━━━━━━━━━━━━━━━┓"
"┃ / moon_                                                                      ┃"
"┃ ───────────────────────────────────────────────────────────────────────────  ┃"
"┃ Song                                                                         ┃"
"┃ Song                                                                         ┃"
"┃ Song                                                                         ┃"
"┃ Song                                                                         ┃"
"┃ Song                                                                         ┃"
"┃ Song                                                                         ┃"
"┃ Song                                                                         ┃"
"┃                                                                              ┃"
"┃                                                                              ┃"
"┃                                                                              ┃"
"┃                                                                              ┃"
"┃                                                                              ┃"
"┃                                                                              ┃"
"┃                                                                              ┃"
"┃                                                                              ┃"
"┃                                                                              ┃"
"┃                                                                              ┃"
"┃                                                                              ┃"
"┃                                                                              ┃"
"┃                                                                              ┃"
"┃                                                                              ┃"
"┃                                                                              ┃"
"┃                                                                              ┃"
"┃                                                                              ┃"
"┗━━━━━━━━━━━━━━━━━━━━━━━━━━━━━━━━━━━━━━━━━━━━━━━━━━━━━━━━━━━━━━━━━━━━━━━━━━━━━━┛"
