---
source: crates/widgets/tests/unit/theme.rs
expression: colors
---
Colors {
    roles: [
        Hex(
            [
                10,
                12,
                16,
            ],
        ),
        Hex(
            [
                15,
                18,
                22,
            ],
        ),
        Hex(
            [
                216,
                221,
                230,
            ],
        ),
        Hex(
            [
                217,
                119,
                87,
            ],
        ),
        Hex(
            [
                217,
                119,
                87,
            ],
        ),
        Hex(
            [
                216,
                221,
                230,
            ],
        ),
        Hex(
            [
                51,
                54,
                59,
            ],
        ),
        Hex(
            [
                217,
                119,
                87,
            ],
        ),
        Hex(
            [
                107,
                114,
                128,
            ],
        ),
        Hex(
            [
                107,
                114,
                128,
            ],
        ),
        Hex(
            [
                71,
                74,
                80,
            ],
        ),
    ],
    spectrum: [
        Hex(
            [
                107,
                114,
                128,
            ],
        ),
        Hex(
            [
                217,
                119,
                87,
            ],
        ),
        Hex(
            [
                242,
                168,
                120,
            ],
        ),
    ],
}
