---
source: crates/widgets/tests/unit/animation_catalogue.rs
expression: "storyboard(&mut stage, slice(|t| t.delete_burst, 2))"
---
t=0
XXXXXXXXXXXXXXXXXXXXXXXX  |  ........................
XXXXXXXXXXXXXXXXXXXXXXXX  |  ........................
XXXX⠐XXXXXXXXXXXXXXXXXXX  |  ....#...................
XX⠁ XXXXXXXXXXXX⠁XXXXXXX  |  ..##............#.......
                   XXX⠁X  |  ###################...#.
XXXXXXXXXXXXXXXXXXXXXXXX  |  ........................

mid
XXXXXXXXXXXXXXXXXXXXXXXX  |  ........................
XXXXXXXXXXXXXXXXXXXXXXXX  |  ........................
XXXXXXXXXXXXX⠌XXXXXXXXXX  |  .............#..........
XXXX▔▝XXXXXXXX⠌XXXXXXXXX  |  ....##........#.........
⠐                   ⠌XXX  |  #####################...
XXXXXXXXXXXXXXXXXXXXXXXX  |  ........................

end
XXXXXXXXXXXXXXXXXXXXXXXX  |  ........................
XXXXXXXXXXXXXXXXXXXXXXXX  |  ........................
XXXXXXXXXXXXXXXXXXXXXXXX  |  ........................
XXXXXXXXXXXXXXXXXXXXXXXX  |  ........................
XXXXXXXXXXXXXXXXXXXXXXXX  |  ........................
XXXXXXXXXXXXXXXXXXXXXXXX  |  ........................
