---
source: crates/widgets/tests/unit/theme.rs
expression: colors
---
Colors {
    roles: [
        Hex(
            [
                31,
                30,
                29,
            ],
        ),
        Hex(
            [
                40,
                39,
                37,
            ],
        ),
        Hex(
            [
                240,
                238,
                230,
            ],
        ),
        Hex(
            [
                217,
                119,
                87,
            ],
        ),
        Hex(
            [
                217,
                164,
                65,
            ],
        ),
        Hex(
            [
                240,
                238,
                230,
            ],
        ),
        Hex(
            [
                76,
                74,
                71,
            ],
        ),
        Hex(
            [
                220,
                132,
                103,
            ],
        ),
        Hex(
            [
                184,
                181,
                173,
            ],
        ),
        Hex(
            [
                184,
                181,
                173,
            ],
        ),
        Hex(
            [
                96,
                94,
                91,
            ],
        ),
    ],
    spectrum: [
        Hex(
            [
                106,
                159,
                106,
            ],
        ),
        Hex(
            [
                217,
                164,
                65,
            ],
        ),
        Hex(
            [
                200,
                85,
                61,
            ],
        ),
    ],
}
