---
source: crates/widgets/tests/unit/theme.rs
expression: colors
---
Colors {
    roles: [
        Hex(
            [
                11,
                12,
                22,
            ],
        ),
        Hex(
            [
                18,
                20,
                31,
            ],
        ),
        Hex(
            [
                221,
                247,
                255,
            ],
        ),
        Hex(
            [
                130,
                251,
                156,
            ],
        ),
        Hex(
            [
                247,
                223,
                80,
            ],
        ),
        Hex(
            [
                221,
                247,
                255,
            ],
        ),
        Hex(
            [
                54,
                60,
                71,
            ],
        ),
        Hex(
            [
                130,
                251,
                156,
            ],
        ),
        Hex(
            [
                142,
                149,
                184,
            ],
        ),
        Hex(
            [
                142,
                149,
                184,
            ],
        ),
        Hex(
            [
                74,
                83,
                93,
            ],
        ),
    ],
    spectrum: [
        Hex(
            [
                46,
                194,
                126,
            ],
        ),
        Hex(
            [
                247,
                223,
                80,
            ],
        ),
        Hex(
            [
                255,
                95,
                120,
            ],
        ),
    ],
}
