---
source: crates/widgets/tests/unit/animation_catalogue.rs
expression: "storyboard(&mut stage, slice(|t| t.toast_slide_in, 2))"
---
t=0
XXXXXXXXXXXXXXXXXXXXXXXX  |  ........................
XXXXXXXXXXXXX          X  |  .............##########.
XXXXXXXXXXXXX          X  |  .............##########.
XXXXXXXXXXXXX          X  |  .............##########.
XXXXXXXXXXXXX          X  |  .............##########.
XXXXXXXXXXXXX          X  |  .............##########.

mid
XXXXXXXXXXXXXXXXXXXXXXXX  |  ........................
XXXXXXXXXXXXX   XXXXXXXX  |  .............###........
XXXXXXXXXXXXX   XXXXXXXX  |  .............###........
XXXXXXXXXXXXX   XXXXXXXX  |  .............###........
XXXXXXXXXXXXX   XXXXXXXX  |  .............###........
XXXXXXXXXXXXX   XXXXXXXX  |  .............###........

end
XXXXXXXXXXXXXXXXXXXXXXXX  |  ........................
XXXXXXXXXXXXXXXXXXXXXXXX  |  ........................
XXXXXXXXXXXXXXXXXXXXXXXX  |  ........................
XXXXXXXXXXXXXXXXXXXXXXXX  |  ........................
XXXXXXXXXXXXXXXXXXXXXXXX  |  ........................
XXXXXXXXXXXXXXXXXXXXXXXX  |  ........................
