---
source: crates/widgets/tests/unit/theme.rs
expression: colors
---
Colors {
    roles: [
        Hex(
            [
                251,
                241,
                199,
            ],
        ),
        Hex(
            [
                242,
                229,
                188,
            ],
        ),
        Hex(
            [
                60,
                56,
                54,
            ],
        ),
        Hex(
            [
                175,
                58,
                3,
            ],
        ),
        Hex(
            [
                181,
                118,
                20,
            ],
        ),
        Hex(
            [
                60,
                56,
                54,
            ],
        ),
        Hex(
            [
                194,
                183,
                152,
            ],
        ),
        Hex(
            [
                175,
                58,
                3,
            ],
        ),
        Hex(
            [
                124,
                111,
                100,
            ],
        ),
        Hex(
            [
                124,
                111,
                100,
            ],
        ),
        Hex(
            [
                191,
                180,
                150,
            ],
        ),
    ],
    spectrum: [
        Hex(
            [
                121,
                116,
                14,
            ],
        ),
        Hex(
            [
                181,
                118,
                20,
            ],
        ),
        Hex(
            [
                157,
                0,
                6,
            ],
        ),
    ],
}
