---
source: crates/widgets/tests/unit/theme.rs
expression: colors
---
Colors {
    roles: [
        Hex(
            [
                242,
                242,
                242,
            ],
        ),
        Hex(
            [
                237,
                237,
                237,
            ],
        ),
        Hex(
            [
                32,
                32,
                32,
            ],
        ),
        Hex(
            [
                74,
                144,
                217,
            ],
        ),
        Hex(
            [
                138,
                180,
                224,
            ],
        ),
        Hex(
            [
                32,
                32,
                32,
            ],
        ),
        Hex(
            [
                183,
                183,
                183,
            ],
        ),
        Hex(
            [
                51,
                100,
                151,
            ],
        ),
        Hex(
            [
                164,
                164,
                164,
            ],
        ),
        Hex(
            [
                164,
                164,
                164,
            ],
        ),
        Hex(
            [
                179,
                179,
                179,
            ],
        ),
    ],
    spectrum: [
        Hex(
            [
                74,
                144,
                217,
            ],
        ),
        Hex(
            [
                138,
                180,
                224,
            ],
        ),
        Hex(
            [
                200,
                220,
                240,
            ],
        ),
    ],
}
