---
source: crates/widgets/tests/unit/theme.rs
expression: colors
---
Colors {
    roles: [
        Hex(
            [
                0,
                0,
                0,
            ],
        ),
        Hex(
            [
                9,
                9,
                9,
            ],
        ),
        Hex(
            [
                255,
                255,
                255,
            ],
        ),
        Hex(
            [
                0,
                255,
                0,
            ],
        ),
        Hex(
            [
                214,
                181,
                33,
            ],
        ),
        Hex(
            [
                255,
                255,
                255,
            ],
        ),
        Hex(
            [
                53,
                53,
                53,
            ],
        ),
        Hex(
            [
                0,
                255,
                0,
            ],
        ),
        Hex(
            [
                150,
                150,
                150,
            ],
        ),
        Hex(
            [
                150,
                150,
                150,
            ],
        ),
        Hex(
            [
                77,
                77,
                77,
            ],
        ),
    ],
    spectrum: [
        Hex(
            [
                41,
                206,
                16,
            ],
        ),
        Hex(
            [
                214,
                181,
                33,
            ],
        ),
        Hex(
            [
                239,
                49,
                16,
            ],
        ),
    ],
}
