---
source: crates/widgets/tests/unit/theme.rs
expression: colors
---
Colors {
    roles: [
        Rgb(
            [
                40,
                40,
                40,
            ],
        ),
        Rgb(
            [
                50,
                48,
                47,
            ],
        ),
        Rgb(
            [
                235,
                219,
                178,
            ],
        ),
        Rgb(
            [
                254,
                128,
                25,
            ],
        ),
        Rgb(
            [
                250,
                189,
                47,
            ],
        ),
        Rgb(
            [
                235,
                219,
                178,
            ],
        ),
        Rgb(
            [
                83,
                78,
                70,
            ],
        ),
        Rgb(
            [
                254,
                128,
                25,
            ],
        ),
        Rgb(
            [
                146,
                131,
                116,
            ],
        ),
        Rgb(
            [
                146,
                131,
                116,
            ],
        ),
        Rgb(
            [
                101,
                95,
                83,
            ],
        ),
    ],
    spectrum: [
        Rgb(
            [
                184,
                187,
                38,
            ],
        ),
        Rgb(
            [
                250,
                189,
                47,
            ],
        ),
        Rgb(
            [
                251,
                73,
                52,
            ],
        ),
    ],
}
