---
source: crates/widgets/tests/unit/theme.rs
expression: colors
---
Colors {
    roles: [
        Hex(
            [
                254,
                246,
                228,
            ],
        ),
        Hex(
            [
                243,
                235,
                218,
            ],
        ),
        Hex(
            [
                17,
                17,
                17,
            ],
        ),
        Hex(
            [
                255,
                144,
                232,
            ],
        ),
        Hex(
            [
                255,
                201,
                0,
            ],
        ),
        Hex(
            [
                17,
                17,
                17,
            ],
        ),
        Hex(
            [
                183,
                177,
                165,
            ],
        ),
        Hex(
            [
                127,
                72,
                116,
            ],
        ),
        Hex(
            [
                74,
                74,
                74,
            ],
        ),
        Hex(
            [
                74,
                74,
                74,
            ],
        ),
        Hex(
            [
                179,
                173,
                161,
            ],
        ),
    ],
    spectrum: [
        Hex(
            [
                35,
                160,
                148,
            ],
        ),
        Hex(
            [
                255,
                201,
                0,
            ],
        ),
        Hex(
            [
                255,
                92,
                92,
            ],
        ),
    ],
}
