---
source: crates/widgets/tests/unit/screen_snapshots.rs
assertion_line: 143
expression: text
---
"                                                                                                                        "
"          ╭ Zefiro ──────────────────────────────────────────────────────────────────────────────────────────╮          "
"          │                                                                                                  │          "
"          │  No track                                                                            ■ Stopped   │          "
"          │                                                                                                  │          "
"          │  00:00 / 00:00  » 1×                                                                             │          "
"          │                                                                                                  │          "
"          │  ─────────────────────────────────────────────────────────────────────────────────────────────   │          "
"          │  ⠀⠀⠀⠀⠀⠀⠀⠀⠀⠀⠀⠀⠀⠀⠀⠀⠀⠀⠀⠀⠀⠀⠀⠀⠀⠀⠀⠀⠀⠀⠀⠀⠀⠀⠀⠀⠀⠀⠀⠀⠀⠀⠀⠀⠀⠀⠀⠀⠀⠀⠀⠀⠀⠀⠀⠀⠀⠀⠀⠀⠀⠀⠀⠀⠀⠀⠀                             │          "
"          │  ⠀⠀⠀⠀⠀⠀⠀⠀⠀⠀⠀⠀⠀⠀⠀⠀⠀⠀⠀⠀⠀⠀⠀⠀⠀⠀⠀⠀⠀⠀⠀⠀⠀⠀⠀⠀⠀⠀⠀⠀⠀⠀⠀⠀⠀⠀⠀⠀⠀⠀⠀⠀⠀⠀⠀⠀⠀⠀⠀⠀⠀⠀⠀⠀⠀⠀⠀                             │          "
"          │  ⣀⣀⣀⡀⣀⣀⣀⡀⣀⣀⣀⣀⢀⣀⣀⣀⢀⣀⣀⣀⢀⣀⣀⣀⡀⣀⣀⣀⡀⣀⣀⣀⣀⢀⣀⣀⣀⢀⣀⣀⣀⢀⣀⣀⣀⡀⣀⣀⣀⡀⣀⣀⣀⡀⣀⣀⣀⣀⢀⣀⣀⣀⢀⣀⣀⣀⡀  ████████████████████████   │          "
"          │                                                                                                  │          "
"          ╰──────────────────────────────────────────────────────────────────────────────────────────────────╯          "
"          ┏ Playlist ── 1/3 ── shuffle off · repeat off · queue 0 · theme noir ━━━━━━━━━━━━━━━━━━━━━━━━━━━━━━┓          "
"          ┃    Test Artist — song00                                                                          ┃          "
"          ┃    Test Artist — song01                                                                          ┃          "
"          ┃    Test Artist — song02                                                                          ┃          "
"          ┃                                                                                                  ┃          "
"          ┃                                                                                                  ┃          "
"          ┃                                                                                                  ┃          "
"          ┃                                                                                                  ┃          "
"          ┃                                                                                                  ┃          "
"          ┃                                                                                                  ┃          "
"          ┃                                                                                                  ┃          "
"          ┃                                                                                                  ┃          "
"          ┃                                                                                                  ┃          "
"          ┃                                                                                                  ┃          "
"          ┃                                                                                                  ┃          "
"          ┃                                                                                                  ┃          "
"          ┃                                                                                                  ┃          "
"          ┃                                                                                                  ┃          "
"          ┃                                                                                                  ┃          "
"          ┃                                                                                                  ┃          "
"          ┃                                                                                                  ┃          "
"          ┃                                                                                                  ┃          "
"          ┃                                                                                                  ┃          "
"          ┃                                                                                                  ┃          "
"          ┗━━━━━━━━━━━━━━━━━━━━━━━━━━━━━━━━━━━━━━━━━━━━━━━━━━━━━━━━━━━━━━━━━━━━━━━━━━━━━━━━━━━━━━━━━━━━━━━━━━┛          "
"           Space  Play  Enter  Open  a  Queue  /  Find  ?/Ctrl+K  Help  q  Quit                                         "
"                                                                                                                        "
