---
source: crates/widgets/tests/unit/theme.rs
expression: colors
---
Colors {
    roles: [
        Hex(
            [
                250,
                244,
                237,
            ],
        ),
        Hex(
            [
                242,
                236,
                231,
            ],
        ),
        Hex(
            [
                87,
                82,
                121,
            ],
        ),
        Hex(
            [
                215,
                130,
                126,
            ],
        ),
        Hex(
            [
                234,
                157,
                52,
            ],
        ),
        Hex(
            [
                69,
                65,
                96,
            ],
        ),
        Hex(
            [
                188,
                183,
                193,
            ],
        ),
        Hex(
            [
                129,
                78,
                75,
            ],
        ),
        Hex(
            [
                121,
                117,
                147,
            ],
        ),
        Hex(
            [
                121,
                117,
                147,
            ],
        ),
        Hex(
            [
                198,
                192,
                200,
            ],
        ),
    ],
    spectrum: [
        Hex(
            [
                40,
                105,
                131,
            ],
        ),
        Hex(
            [
                234,
                157,
                52,
            ],
        ),
        Hex(
            [
                180,
                99,
                122,
            ],
        ),
    ],
}
