---
source: crates/widgets/tests/unit/theme.rs
expression: colors
---
Colors {
    roles: [
        Rgb(
            [
                25,
                23,
                36,
            ],
        ),
        Rgb(
            [
                32,
                30,
                44,
            ],
        ),
        Rgb(
            [
                224,
                222,
                244,
            ],
        ),
        Rgb(
            [
                235,
                188,
                186,
            ],
        ),
        Rgb(
            [
                246,
                193,
                119,
            ],
        ),
        Rgb(
            [
                224,
                222,
                244,
            ],
        ),
        Rgb(
            [
                66,
                64,
                80,
            ],
        ),
        Rgb(
            [
                235,
                188,
                186,
            ],
        ),
        Rgb(
            [
                144,
                140,
                170,
            ],
        ),
        Rgb(
            [
                144,
                140,
                170,
            ],
        ),
        Rgb(
            [
                85,
                83,
                100,
            ],
        ),
    ],
    spectrum: [
        Rgb(
            [
                156,
                207,
                216,
            ],
        ),
        Rgb(
            [
                246,
                193,
                119,
            ],
        ),
        Rgb(
            [
                235,
                111,
                146,
            ],
        ),
    ],
}
