---
source: crates/widgets/tests/unit/theme.rs
expression: colors
---
Colors {
    roles: [
        Rgb(
            [
                216,
                208,
                200,
            ],
        ),
        Rgb(
            [
                210,
                202,
                195,
            ],
        ),
        Rgb(
            [
                26,
                26,
                26,
            ],
        ),
        Rgb(
            [
                42,
                168,
                160,
            ],
        ),
        Rgb(
            [
                232,
                196,
                106,
            ],
        ),
        Rgb(
            [
                26,
                26,
                26,
            ],
        ),
        Rgb(
            [
                161,
                155,
                150,
            ],
        ),
        Rgb(
            [
                21,
                84,
                80,
            ],
        ),
        Rgb(
            [
                122,
                122,
                122,
            ],
        ),
        Rgb(
            [
                122,
                122,
                122,
            ],
        ),
        Rgb(
            [
                158,
                152,
                147,
            ],
        ),
    ],
    spectrum: [
        Rgb(
            [
                42,
                168,
                160,
            ],
        ),
        Rgb(
            [
                232,
                196,
                106,
            ],
        ),
        Rgb(
            [
                232,
                122,
                144,
            ],
        ),
    ],
}
