---
source: crates/widgets/tests/unit/theme.rs
expression: colors
---
Colors {
    roles: [
        Rgb(
            [
                18,
                18,
                18,
            ],
        ),
        Rgb(
            [
                25,
                24,
                23,
            ],
        ),
        Rgb(
            [
                232,
                208,
                184,
            ],
        ),
        Rgb(
            [
                224,
                112,
                64,
            ],
        ),
        Rgb(
            [
                216,
                160,
                80,
            ],
        ),
        Rgb(
            [
                232,
                208,
                184,
            ],
        ),
        Rgb(
            [
                62,
                57,
                51,
            ],
        ),
        Rgb(
            [
                224,
                112,
                64,
            ],
        ),
        Rgb(
            [
                144,
                120,
                104,
            ],
        ),
        Rgb(
            [
                144,
                120,
                104,
            ],
        ),
        Rgb(
            [
                82,
                75,
                68,
            ],
        ),
    ],
    spectrum: [
        Rgb(
            [
                154,
                170,
                104,
            ],
        ),
        Rgb(
            [
                216,
                160,
                80,
            ],
        ),
        Rgb(
            [
                209,
                90,
                90,
            ],
        ),
    ],
}
