---
source: crates/widgets/tests/unit/animation_catalogue.rs
expression: "storyboard(&mut stage, slice(|t| t.modal_out, 2))"
---
t=0
XXXXXXXXXXXXXXXXXXXXXXXX  |  ........................
XXXX                XXXX  |  ....################....
XXXX                XXXX  |  ....################....
XXXX                XXXX  |  ....################....
XXXX                XXXX  |  ....################....
XXXXXXXXXXXXXXXXXXXXXXXX  |  ........................

mid
XXXXXXXXXXXXXXXXXXXXXXXX  |  ........................
XXXXXXXX X  XX   XXXXXXX  |  ........#.##..###.......
XXXXXXXX XX   XX XXXXXXX  |  ........#..###..#.......
XXXXXXXXXXXXX X XXXXXXXX  |  .............#.#........
XXXXXXXX XXX   X X XXXXX  |  ........#...###.#.#.....
XXXXXXXXXXXXXXXXXXXXXXXX  |  ........................

end
XXXXXXXXXXXXXXXXXXXXXXXX  |  ........................
XXXXXXXXXXXXXXXXXXXXXXXX  |  ........................
XXXXXXXXXXXXXXXXXXXXXXXX  |  ........................
XXXXXXXXXXXXXXXXXXXXXXXX  |  ........................
XXXXXXXXXXXXXXXXXXXXXXXX  |  ........................
XXXXXXXXXXXXXXXXXXXXXXXX  |  ........................
